Component: ARM Compiler 5.06 update 7 (build 960) Tool: armlink [4d3601]

==============================================================================

Section Cross References

    main.o(.text) refers to phoenix.o(.text) for Pho_init
    main.o(.text) refers to modbus.o(.text) for MB_Init
    main.o(.text) refers to lcd.o(.text) for lcd_init_pins
    main.o(.text) refers to volt2temp.o(.text) for SensorEvents
    modbus.o(.text) refers to gd32f10x_gpio.o(.text) for gpio_bit_reset
    modbus.o(.text) refers to phoenix.o(.text) for DelayUs
    modbus.o(.text) refers to gd32f10x_usart.o(.text) for usart_flag_get
    modbus.o(.text) refers to volt2temp.o(.text) for GetSensorTemperature
    modbus.o(.text) refers to modbus.o(.bss) for MB_txFrame
    modbus.o(.text) refers to modbus.o(.data) for mbSNO
    modbus.o(.text) refers to ringbuffer.o(.text) for ring_buffer_queue
    modbus.o(.text) refers to phoenixconfig.o(.text) for USART_Configuration
    modbus.o(.text) refers to gd32f10x_misc.o(.text) for nvic_vector_table_set
    phoenix.o(.text) refers to phoenixconfig.o(.text) for Pho_RCC_Configuration
    phoenix.o(.text) refers to gd32f10x_fwdgt.o(.text) for fwdgt_counter_reload
    phoenix.o(.text) refers to phoenix.o(.data) for ComBoxMBAddress
    phoenixconfig.o(.text) refers to gd32f10x_rcu.o(.text) for rcu_deinit
    phoenixconfig.o(.text) refers to gd32f10x_usart.o(.text) for usart_baudrate_set
    phoenixconfig.o(.text) refers to gd32f10x_timer.o(.text) for timer_init
    phoenixconfig.o(.text) refers to gd32f10x_gpio.o(.text) for gpio_pin_remap_config
    phoenixconfig.o(.text) refers to gd32f10x_adc.o(.text) for adc_mode_config
    phoenixconfig.o(.text) refers to phoenixconfig.o(.data) for adc_value
    phoenixconfig.o(.text) refers to phoenix.o(.text) for DelayUs
    phoenixconfig.o(.text) refers to gd32f10x_dma.o(.text) for dma_deinit
    phoenixconfig.o(.text) refers to gd32f10x_misc.o(.text) for nvic_vector_table_set
    phoenixconfig.o(.text) refers to gd32f10x_pmu.o(.text) for pmu_backup_write_enable
    phoenixconfig.o(.text) refers to gd32f10x_bkp.o(.text) for bkp_deinit
    phoenixconfig.o(.text) refers to gd32f10x_rtc.o(.text) for rtc_register_sync_wait
    phoenixconfig.o(.text) refers to lcd.o(.text) for Lcd
    volt2temp.o(.text) refers to phoenix.o(.text) for Pho_run
    volt2temp.o(.text) refers to dfltui.o(.text) for __aeabi_ui2d
    volt2temp.o(.text) refers to ddiv.o(.text) for __aeabi_ddiv
    volt2temp.o(.text) refers to dadd.o(.text) for __aeabi_dsub
    volt2temp.o(.text) refers to log.o(i.log) for log
    volt2temp.o(.text) refers to cdrcmple.o(.text) for __aeabi_cdrcmple
    volt2temp.o(.text) refers to cdcmple.o(.text) for __aeabi_cdcmple
    volt2temp.o(.text) refers to gd32f10x_gpio.o(.text) for gpio_input_bit_get
    volt2temp.o(.text) refers to volt2temp.o(.data) for temp_volt_pho_run
    volt2temp.o(.text) refers to volt2temp.o(.bss) for resistance
    lcd.o(.text) refers to gd32f10x_gpio.o(.text) for gpio_bit_set
    lcd.o(.text) refers to phoenix.o(.text) for LCD_MSleep
    lcd.o(.text) refers to volt2temp.o(.text) for GetSensorTemperature
    lcd.o(.text) refers to printfa.o(i.__0sprintf) for __2sprintf
    lcd.o(.text) refers to gd32f10x_rcu.o(.text) for rcu_periph_clock_enable
    lcd.o(.text) refers to lcd.o(.constdata) for lcd_addLUT
    lcd.o(.text) refers to lcd.o(.data) for lcd_Address
    lcd.o(.text) refers to lcd.o(.bss) for Lcd_Temp
    system_gd32f10x.o(.text) refers to gd32f10x_misc.o(.text) for nvic_vector_table_set
    gd32f10x_adc.o(.text) refers to gd32f10x_rcu.o(.text) for rcu_periph_reset_enable
    gd32f10x_bkp.o(.text) refers to gd32f10x_rcu.o(.text) for rcu_bkp_reset_enable
    gd32f10x_can.o(.text) refers to gd32f10x_rcu.o(.text) for rcu_periph_reset_enable
    gd32f10x_can.o(.text) refers to gd32f10x_dbg.o(.text) for dbg_periph_enable
    gd32f10x_dac.o(.text) refers to gd32f10x_rcu.o(.text) for rcu_periph_reset_enable
    gd32f10x_enet.o(.text) refers to gd32f10x_rcu.o(.text) for rcu_periph_reset_enable
    gd32f10x_enet.o(.text) refers to gd32f10x_enet.o(.bss) for enet_initpara
    gd32f10x_enet.o(.text) refers to gd32f10x_enet.o(.data) for dma_current_rxdesc
    gd32f10x_enet.o(.text) refers to gd32f10x_enet.o(.constdata) for enet_reg_tab
    gd32f10x_enet.o(.text) refers to uldiv.o(.text) for __aeabi_uldivmod
    gd32f10x_gpio.o(.text) refers to gd32f10x_rcu.o(.text) for rcu_periph_reset_enable
    gd32f10x_i2c.o(.text) refers to gd32f10x_rcu.o(.text) for rcu_periph_reset_enable
    gd32f10x_pmu.o(.text) refers to gd32f10x_rcu.o(.text) for rcu_periph_reset_enable
    gd32f10x_pmu.o(.text) refers to gd32f10x_pmu.o(.bss) for reg_snap
    gd32f10x_spi.o(.text) refers to gd32f10x_rcu.o(.text) for rcu_periph_reset_enable
    gd32f10x_timer.o(.text) refers to gd32f10x_rcu.o(.text) for rcu_periph_reset_enable
    gd32f10x_usart.o(.text) refers to gd32f10x_rcu.o(.text) for rcu_periph_reset_enable
[...]
    ../clib/microlib/init/entry.s            0x00000000   Number         0  entry8b.o ABSOLUTE
    ../clib/microlib/init/entry.s            0x00000000   Number         0  entry7b.o ABSOLUTE
    ../clib/microlib/init/entry.s            0x00000000   Number         0  entry7a.o ABSOLUTE
    ../clib/microlib/init/entry.s            0x00000000   Number         0  entry.o ABSOLUTE
    ../clib/microlib/init/entry.s            0x00000000   Number         0  entry5.o ABSOLUTE
    ../clib/microlib/init/entry.s            0x00000000   Number         0  entry8a.o ABSOLUTE
    ../clib/microlib/init/entry.s            0x00000000   Number         0  entry12b.o ABSOLUTE
    ../clib/microlib/init/entry.s            0x00000000   Number         0  entry11b.o ABSOLUTE
    ../clib/microlib/init/entry.s            0x00000000   Number         0  entry11a.o ABSOLUTE
    ../clib/microlib/init/entry.s            0x00000000   Number         0  entry10b.o ABSOLUTE
    ../clib/microlib/init/entry.s            0x00000000   Number         0  entry10a.o ABSOLUTE
    ../clib/microlib/longlong.c              0x00000000   Number         0  llsshr.o ABSOLUTE
    ../clib/microlib/longlong.c              0x00000000   Number         0  llushr.o ABSOLUTE
    ../clib/microlib/longlong.c              0x00000000   Number         0  llshl.o ABSOLUTE
    ../clib/microlib/printf/printf.c         0x00000000   Number         0  printf8.o ABSOLUTE
    ../clib/microlib/printf/printf.c         0x00000000   Number         0  printf7.o ABSOLUTE
    ../clib/microlib/printf/printf.c         0x00000000   Number         0  printf6.o ABSOLUTE
    ../clib/microlib/printf/printf.c         0x00000000   Number         0  printfa.o ABSOLUTE
    ../clib/microlib/printf/printf.c         0x00000000   Number         0  printf1.o ABSOLUTE
    ../clib/microlib/printf/printf.c         0x00000000   Number         0  printf0.o ABSOLUTE
    ../clib/microlib/printf/printf.c         0x00000000   Number         0  printfb.o ABSOLUTE
    ../clib/microlib/printf/printf.c         0x00000000   Number         0  printf5.o ABSOLUTE
    ../clib/microlib/printf/printf.c         0x00000000   Number         0  printf4.o ABSOLUTE
    ../clib/microlib/printf/printf.c         0x00000000   Number         0  printf3.o ABSOLUTE
    ../clib/microlib/printf/printf.c         0x00000000   Number         0  printf2.o ABSOLUTE
    ../clib/microlib/printf/stubs.s          0x00000000   Number         0  stubs.o ABSOLUTE
    ../clib/microlib/stdio/fputc.c           0x00000000   Number         0  fputc.o ABSOLUTE
    ../clib/microlib/stdio/semi.s            0x00000000   Number         0  semi.o ABSOLUTE
    ../clib/microlib/stdio/streams.c         0x00000000   Number         0  stdout.o ABSOLUTE
    ../clib/microlib/stubs.s                 0x00000000   Number         0  iusefp.o ABSOLUTE
    ../clib/microlib/stubs.s                 0x00000000   Number         0  iusesemip.o ABSOLUTE
    ../fplib/microlib/fpadd.c                0x00000000   Number         0  dadd.o ABSOLUTE
    ../fplib/microlib/fpdiv.c                0x00000000   Number         0  ddiv.o ABSOLUTE
    ../fplib/microlib/fpepilogue.c           0x00000000   Number         0  depilogue.o ABSOLUTE
    ../fplib/microlib/fpfix.c                0x00000000   Number         0  dfixul.o ABSOLUTE
    ../fplib/microlib/fpflt.c                0x00000000   Number         0  dfltui.o ABSOLUTE
    ../fplib/microlib/fpflt.c                0x00000000   Number         0  dflti.o ABSOLUTE
    ../fplib/microlib/fpmul.c                0x00000000   Number         0  dmul.o ABSOLUTE
    ../fplib/microlib/fpscalb.c              0x00000000   Number         0  dscalb.o ABSOLUTE
    ../mathlib/dunder.c                      0x00000000   Number         0  dunder.o ABSOLUTE
    ../mathlib/log.c                         0x00000000   Number         0  log_x.o ABSOLUTE
    ../mathlib/log.c                         0x00000000   Number         0  log.o ABSOLUTE
    ../mathlib/poly.c                        0x00000000   Number         0  poly.o ABSOLUTE
    ../mathlib/qnan.c                        0x00000000   Number         0  qnan.o ABSOLUTE
    ..\..\Firmware\CMSIS\GD\GD32F10x\Source\ARM\startup_gd32f10x_cl.s 0x00000000   Number         0  startup_gd32f10x_cl.o ABSOLUTE
    ..\..\Firmware\CMSIS\GD\GD32F10x\Source\system_gd32f10x.c 0x00000000   Number         0  system_gd32f10x.o ABSOLUTE
    ..\..\Firmware\GD32F10x_standard_peripheral\Source\gd32f10x_adc.c 0x00000000   Number         0  gd32f10x_adc.o ABSOLUTE
    ..\..\Firmware\GD32F10x_standard_peripheral\Source\gd32f10x_bkp.c 0x00000000   Number         0  gd32f10x_bkp.o ABSOLUTE
    ..\..\Firmware\GD32F10x_standard_peripheral\Source\gd32f10x_can.c 0x00000000   Number         0  gd32f10x_can.o ABSOLUTE
    ..\..\Firmware\GD32F10x_standard_peripheral\Source\gd32f10x_crc.c 0x00000000   Number         0  gd32f10x_crc.o ABSOLUTE
    ..\..\Firmware\GD32F10x_standard_peripheral\Source\gd32f10x_dac.c 0x00000000   Number         0  gd32f10x_dac.o ABSOLUTE
    ..\..\Firmware\GD32F10x_standard_peripheral\Source\gd32f10x_dbg.c 0x00000000   Number         0  gd32f10x_dbg.o ABSOLUTE
    ..\..\Firmware\GD32F10x_standard_peripheral\Source\gd32f10x_dma.c 0x00000000   Number         0  gd32f10x_dma.o ABSOLUTE
    ..\..\Firmware\GD32F10x_standard_peripheral\Source\gd32f10x_enet.c 0x00000000   Number         0  gd32f10x_enet.o ABSOLUTE
    ..\..\Firmware\GD32F10x_standard_peripheral\Source\gd32f10x_exmc.c 0x00000000   Number         0  gd32f10x_exmc.o ABSOLUTE
    ..\..\Firmware\GD32F10x_standard_peripheral\Source\gd32f10x_exti.c 0x00000000   Number         0  gd32f10x_exti.o ABSOLUTE
    ..\..\Firmware\GD32F10x_standard_peripheral\Source\gd32f10x_fmc.c 0x00000000   Number         0  gd32f10x_fmc.o ABSOLUTE
    ..\..\Firmware\GD32F10x_standard_peripheral\Source\gd32f10x_fwdgt.c 0x00000000   Number         0  gd32f10x_fwdgt.o ABSOLUTE
    ..\..\Firmware\GD32F10x_standard_peripheral\Source\gd32f10x_gpio.c 0x00000000   Number         0  gd32f10x_gpio.o ABSOLUTE
    ..\..\Firmware\GD32F10x_standard_peripheral\Source\gd32f10x_i2c.c 0x00000000   Number         0  gd32f10x_i2c.o ABSOLUTE
    ..\..\Firmware\GD32F10x_standard_peripheral\Source\gd32f10x_misc.c 0x00000000   Number         0  gd32f10x_misc.o ABSOLUTE
    ..\..\Firmware\GD32F10x_standard_peripheral\Source\gd32f10x_pmu.c 0x00000000   Number         0  gd32f10x_pmu.o ABSOLUTE
    ..\..\Firmware\GD32F10x_standard_peripheral\Source\gd32f10x_rcu.c 0x00000000   Number         0  gd32f10x_rcu.o ABSOLUTE
    ..\..\Firmware\GD32F10x_standard_peripheral\Source\gd32f10x_rtc.c 0x00000000   Number         0  gd32f10x_rtc.o ABSOLUTE
    ..\..\Firmware\GD32F10x_standard_peripheral\Source\gd32f10x_sdio.c 0x00000000   Number         0  gd32f10x_sdio.o ABSOLUTE
    ..\..\Firmware\GD32F10x_standard_peripheral\Source\gd32f10x_spi.c 0x00000000   Number         0  gd32f10x_spi.o ABSOLUTE
    ..\..\Firmware\GD32F10x_standard_peripheral\Source\gd32f10x_timer.c 0x00000000   Number         0  gd32f10x_timer.o ABSOLUTE
    ..\..\Firmware\GD32F10x_standard_peripheral\Source\gd32f10x_usart.c 0x00000000   Number         0  gd32f10x_usart.o ABSOLUTE
    ..\..\Firmware\GD32F10x_standard_peripheral\Source\gd32f10x_wwdgt.c 0x00000000   Number         0  gd32f10x_wwdgt.o ABSOLUTE
    ..\LCD.c                                 0x00000000   Number         0  lcd.o ABSOLUTE
    ..\\..\\Firmware\\CMSIS\\GD\\GD32F10x\\Source\\system_gd32f10x.c 0x00000000   Number         0  system_gd32f10x.o ABSOLUTE
    ..\\..\\Firmware\\GD32F10x_standard_peripheral\\Source\\gd32f10x_adc.c 0x00000000   Number         0  gd32f10x_adc.o ABSOLUTE
    ..\\..\\Firmware\\GD32F10x_standard_peripheral\\Source\\gd32f10x_bkp.c 0x00000000   Number         0  gd32f10x_bkp.o ABSOLUTE
    ..\\..\\Firmware\\GD32F10x_standard_peripheral\\Source\\gd32f10x_can.c 0x00000000   Number         0  gd32f10x_can.o ABSOLUTE
    ..\\..\\Firmware\\GD32F10x_standard_peripheral\\Source\\gd32f10x_crc.c 0x00000000   Number         0  gd32f10x_crc.o ABSOLUTE
    ..\\..\\Firmware\\GD32F10x_standard_peripheral\\Source\\gd32f10x_dac.c 0x00000000   Number         0  gd32f10x_dac.o ABSOLUTE
    ..\\..\\Firmware\\GD32F10x_standard_peripheral\\Source\\gd32f10x_dbg.c 0x00000000   Number         0  gd32f10x_dbg.o ABSOLUTE
    ..\\..\\Firmware\\GD32F10x_standard_peripheral\\Source\\gd32f10x_dma.c 0x00000000   Number         0  gd32f10x_dma.o ABSOLUTE
    ..\\..\\Firmware\\GD32F10x_standard_peripheral\\Source\\gd32f10x_enet.c 0x00000000   Number         0  gd32f10x_enet.o ABSOLUTE
    ..\\..\\Firmware\\GD32F10x_standard_peripheral\\Source\\gd32f10x_exmc.c 0x00000000   Number         0  gd32f10x_exmc.o ABSOLUTE
    ..\\..\\Firmware\\GD32F10x_standard_peripheral\\Source\\gd32f10x_exti.c 0x00000000   Number         0  gd32f10x_exti.o ABSOLUTE
    ..\\..\\Firmware\\GD32F10x_standard_peripheral\\Source\\gd32f10x_fmc.c 0x00000000   Number         0  gd32f10x_fmc.o ABSOLUTE
    ..\\..\\Firmware\\GD32F10x_standard_peripheral\\Source\\gd32f10x_fwdgt.c 0x00000000   Number         0  gd32f10x_fwdgt.o ABSOLUTE
    ..\\..\\Firmware\\GD32F10x_standard_peripheral\\Source\\gd32f10x_gpio.c 0x00000000   Number         0  gd32f10x_gpio.o ABSOLUTE
    ..\\..\\Firmware\\GD32F10x_standard_peripheral\\Source\\gd32f10x_i2c.c 0x00000000   Number         0  gd32f10x_i2c.o ABSOLUTE
    ..\\..\\Firmware\\GD32F10x_standard_peripheral\\Source\\gd32f10x_misc.c 0x00000000   Number         0  gd32f10x_misc.o ABSOLUTE
    ..\\..\\Firmware\\GD32F10x_standard_peripheral\\Source\\gd32f10x_pmu.c 0x00000000   Number         0  gd32f10x_pmu.o ABSOLUTE
    ..\\..\\Firmware\\GD32F10x_standard_peripheral\\Source\\gd32f10x_rcu.c 0x00000000   Number         0  gd32f10x_rcu.o ABSOLUTE
    ..\\..\\Firmware\\GD32F10x_standard_peripheral\\Source\\gd32f10x_rtc.c 0x00000000   Number         0  gd32f10x_rtc.o ABSOLUTE
    ..\\..\\Firmware\\GD32F10x_standard_peripheral\\Source\\gd32f10x_sdio.c 0x00000000   Number         0  gd32f10x_sdio.o ABSOLUTE
    ..\\..\\Firmware\\GD32F10x_standard_peripheral\\Source\\gd32f10x_spi.c 0x00000000   Number         0  gd32f10x_spi.o ABSOLUTE
    ..\\..\\Firmware\\GD32F10x_standard_peripheral\\Source\\gd32f10x_timer.c 0x00000000   Number         0  gd32f10x_timer.o ABSOLUTE
    ..\\..\\Firmware\\GD32F10x_standard_peripheral\\Source\\gd32f10x_usart.c 0x00000000   Number         0  gd32f10x_usart.o ABSOLUTE
    ..\\..\\Firmware\\GD32F10x_standard_peripheral\\Source\\gd32f10x_wwdgt.c 0x00000000   Number         0  gd32f10x_wwdgt.o ABSOLUTE
    ..\\LCD.c                                0x00000000   Number         0  lcd.o ABSOLUTE
    ..\\main.c                               0x00000000   Number         0  main.o ABSOLUTE
    ..\\modbus.c                             0x00000000   Number         0  modbus.o ABSOLUTE
    ..\\phoenix.c                            0x00000000   Number         0  phoenix.o ABSOLUTE
    ..\\phoenixConfig.c                      0x00000000   Number         0  phoenixconfig.o ABSOLUTE
    ..\\volt2temp.c                          0x00000000   Number         0  volt2temp.o ABSOLUTE
    ..\main.c                                0x00000000   Number         0  main.o ABSOLUTE
    ..\modbus.c                              0x00000000   Number         0  modbus.o ABSOLUTE
    ..\phoenix.c                             0x00000000   Number         0  phoenix.o ABSOLUTE
    ..\phoenixConfig.c                       0x00000000   Number         0  phoenixconfig.o ABSOLUTE
    ..\ringBuffer.c                          0x00000000   Number         0  ringbuffer.o ABSOLUTE
    ..\volt2temp.c                           0x00000000   Number         0  volt2temp.o ABSOLUTE
    cdcmple.s                                0x00000000   Number         0  cdcmple.o ABSOLUTE
    cdrcmple.s                               0x00000000   Number         0  cdrcmple.o ABSOLUTE
    dc.s                                     0x00000000   Number         0  dc.o ABSOLUTE
    handlers.s                               0x00000000   Number         0  handlers.o ABSOLUTE
    init.s                                   0x00000000   Number         0  init.o ABSOLUTE
    RESET                                    0x08000000   Section      336  startup_gd32f10x_cl.o(RESET)
    .ARM.Collect$$$$00000000                 0x08000150   Section        0  entry.o(.ARM.Collect$$$$00000000)
    .ARM.Collect$$$$00000001                 0x08000150   Section        4  entry2.o(.ARM.Collect$$$$00000001)
    .ARM.Collect$$$$00000004                 0x08000154   Section        4  entry5.o(.ARM.Collect$$$$00000004)
    .ARM.Collect$$$$00000008                 0x08000158   Section        0  entry7b.o(.ARM.Collect$$$$00000008)
    .ARM.Collect$$$$0000000A                 0x08000158   Section        0  entry8b.o(.ARM.Collect$$$$0000000A)
    .ARM.Collect$$$$0000000B                 0x08000158   Section        8  entry9a.o(.ARM.Collect$$$$0000000B)
    .ARM.Collect$$$$0000000E                 0x08000160   Section        4  entry12b.o(.ARM.Collect$$$$0000000E)
    .ARM.Collect$$$$0000000F                 0x08000164   Section        0  entry10a.o(.ARM.Collect$$$$0000000F)
    .ARM.Collect$$$$00000011                 0x08000164   Section        0  entry11a.o(.ARM.Collect$$$$00000011)
    .ARM.Collect$$$$00002712                 0x08000164   Section        4  entry2.o(.ARM.Collect$$$$00002712)
    __lit__00000000                          0x08000164   Data           4  entry2.o(.ARM.Collect$$$$00002712)
    .text                                    0x08000168   Section        0  main.o(.text)
    .text                                    0x08000184   Section        0  modbus.o(.text)
    MB_isReceivedFrameValid                  0x08000e87   Thumb Code    54  modbus.o(.text)
    .text                                    0x08000fd4   Section        0  phoenix.o(.text)
    .text                                    0x080010b0   Section        0  phoenixconfig.o(.text)
    .text                                    0x08001680   Section        0  ringbuffer.o(.text)
    .text                                    0x080017ac   Section        0  volt2temp.o(.text)
    IsSensorOK                               0x08001919   Thumb Code    42  volt2temp.o(.text)
    .text                                    0x08001bc4   Section        0  lcd.o(.text)
    .text                                    0x08001fcc   Section        0  system_gd32f10x.o(.text)
    system_clock_48m_irc8m                   0x08001fcd   Thumb Code   158  system_gd32f10x.o(.text)
    system_clock_config                      0x0800206b   Thumb Code     8  system_gd32f10x.o(.text)
    .text                                    0x08002154   Section        0  gd32f10x_adc.o(.text)
    .text                                    0x080026a4   Section        0  gd32f10x_bkp.o(.text)
    .text                                    0x08002834   Section        0  gd32f10x_dma.o(.text)
    dma_periph_and_channel_check             0x08002835   Thumb Code    18  gd32f10x_dma.o(.text)
    .text                                    0x08002ea4   Section        0  gd32f10x_fwdgt.o(.text)
    .text                                    0x08002fac   Section        0  gd32f10x_gpio.o(.text)
    .text                                    0x080032f0   Section        0  gd32f10x_misc.o(.text)
    .text                                    0x0800341c   Section        0  gd32f10x_pmu.o(.text)
    .text                                    0x0800360c   Section        0  gd32f10x_rcu.o(.text)
    .text                                    0x08003d14   Section        0  gd32f10x_rtc.o(.text)
    .text                                    0x08003e3c   Section        0  gd32f10x_timer.o(.text)
    .text                                    0x08004be8   Section        0  gd32f10x_usart.o(.text)
    .text                                    0x08004fa0   Section       36  startup_gd32f10x_cl.o(.text)
    .text                                    0x08004fc4   Section        0  uldiv.o(.text)
    .text                                    0x08005026   Section        0  dadd.o(.text)
    .text                                    0x08005174   Section        0  ddiv.o(.text)
    .text                                    0x08005252   Section        0  dfltui.o(.text)
    .text                                    0x0800526c   Section       48  cdcmple.o(.text)
    .text                                    0x0800529c   Section       48  cdrcmple.o(.text)
    .text                                    0x080052cc   Section        0  uidiv.o(.text)
    .text                                    0x080052f8   Section        0  llshl.o(.text)
    .text                                    0x08005316   Section        0  llushr.o(.text)
    .text                                    0x08005336   Section        0  llsshr.o(.text)
    .text                                    0x0800535a   Section        0  iusefp.o(.text)
    .text                                    0x0800535a   Section        0  depilogue.o(.text)
    .text                                    0x08005414   Section        0  dmul.o(.text)
    .text                                    0x080054f8   Section        0  dscalb.o(.text)
    .text                                    0x08005526   Section        0  dflti.o(.text)
    .text                                    0x08005548   Section        0  dfixul.o(.text)
    .text                                    0x08005578   Section       36  init.o(.text)
    i.__0sprintf                             0x0800559c   Section        0  printfa.o(i.__0sprintf)
    i.__kernel_poly                          0x080055c4   Section        0  poly.o(i.__kernel_poly)
    i.__mathlib_dbl_divzero                  0x08005670   Section        0  dunder.o(i.__mathlib_dbl_divzero)
    i.__mathlib_dbl_infnan                   0x08005680   Section        0  dunder.o(i.__mathlib_dbl_infnan)
    i.__mathlib_dbl_invalid                  0x08005686   Section        0  dunder.o(i.__mathlib_dbl_invalid)
    i.__scatterload_copy                     0x08005692   Section       14  handlers.o(i.__scatterload_copy)
    i.__scatterload_null                     0x080056a0   Section        2  handlers.o(i.__scatterload_null)
    i.__scatterload_zeroinit                 0x080056a2   Section       14  handlers.o(i.__scatterload_zeroinit)
    i.__set_errno                            0x080056b0   Section        0  errno.o(i.__set_errno)
    i._fp_digits                             0x080056bc   Section        0  printfa.o(i._fp_digits)
    _fp_digits                               0x080056bd   Thumb Code   366  printfa.o(i._fp_digits)
    i._printf_core                           0x08005840   Section        0  printfa.o(i._printf_core)
    _printf_core                             0x08005841   Thumb Code  1704  printfa.o(i._printf_core)
    i._printf_post_padding                   0x08005ef4   Section        0  printfa.o(i._printf_post_padding)
    _printf_post_padding                     0x08005ef5   Thumb Code    36  printfa.o(i._printf_post_padding)
    i._printf_pre_padding                    0x08005f18   Section        0  printfa.o(i._printf_pre_padding)
    _printf_pre_padding                      0x08005f19   Thumb Code    46  printfa.o(i._printf_pre_padding)
    i._sputc                                 0x08005f46   Section        0  printfa.o(i._sputc)
    _sputc                                   0x08005f47   Thumb Code    10  printfa.o(i._sputc)
    i.log                                    0x08005f50   Section        0  log.o(i.log)
    .constdata                               0x080062ac   Section       68  lcd.o(.constdata)
    .constdata                               0x080062f0   Section       56  log.o(.constdata)
    Lg2                                      0x080062f0   Data          24  log.o(.constdata)
    Lg                                       0x08006308   Data          32  log.o(.constdata)
    .constdata                               0x08006328   Section        8  qnan.o(.constdata)
    .data                                    0x20000000   Section       49  modbus.o(.data)
    .data                                    0x20000034   Section       24  phoenix.o(.data)
    .data                                    0x2000004c   Section       12  phoenixconfig.o(.data)
    .data                                    0x20000058   Section       27  volt2temp.o(.data)
    desired_value                            0x20000058   Data           2  volt2temp.o(.data)
    .data                                    0x20000074   Section       37  lcd.o(.data)
    .data                                    0x2000009c   Section        4  errno.o(.data)
    _errno                                   0x2000009c   Data           4  errno.o(.data)
    .bss                                     0x200000a0   Section      136  modbus.o(.bss)
    .bss                                     0x20000128   Section      224  volt2temp.o(.bss)
    .bss                                     0x20000208   Section       32  lcd.o(.bss)
    .bss                                     0x20000228   Section       16  gd32f10x_pmu.o(.bss)
    reg_snap                                 0x20000228   Data          16  gd32f10x_pmu.o(.bss)
    STACK                                    0x20000238   Section     1024  startup_gd32f10x_cl.o(STACK)

    Global Symbols

    Symbol Name                              Value     Ov Type        Size  Object(Section)

    BuildAttributes$$THM_ISAv4$P$D$K$B$S$PE$A:L22UL41UL21$X:L11$S22US41US21$IEEE1$IW$USESV6$~STKCKD$USESV7$~SHL$OTIME$ROPI$IEEEX$EBA8$MICROLIB$REQ8$PRES8$EABIv2 0x00000000   Number         0  anon$$obj.o ABSOLUTE
    __ARM_use_no_argv                        0x00000000   Number         0  main.o ABSOLUTE
    _printf_a                                0x00000000   Number         0  stubs.o ABSOLUTE
    _printf_c                                0x00000000   Number         0  stubs.o ABSOLUTE
    _printf_charcount                        0x00000000   Number         0  stubs.o ABSOLUTE
    _printf_d                                0x00000000   Number         0  stubs.o ABSOLUTE
    _printf_e                                0x00000000   Number         0  stubs.o ABSOLUTE
    _printf_f                                0x00000000   Number         0  stubs.o ABSOLUTE
    _printf_flags                            0x00000000   Number         0  stubs.o ABSOLUTE
    _printf_fp_dec                           0x00000000   Number         0  stubs.o ABSOLUTE
    _printf_fp_hex                           0x00000000   Number         0  stubs.o ABSOLUTE
    _printf_g                                0x00000000   Number         0  stubs.o ABSOLUTE
    _printf_i                                0x00000000   Number         0  stubs.o ABSOLUTE
    _printf_int_dec                          0x00000000   Number         0  stubs.o ABSOLUTE
    _printf_l                                0x00000000   Number         0  stubs.o ABSOLUTE
    _printf_lc                               0x00000000   Number         0  stubs.o ABSOLUTE
    _printf_ll                               0x00000000   Number         0  stubs.o ABSOLUTE
    _printf_lld                              0x00000000   Number         0  stubs.o ABSOLUTE
    _printf_lli                              0x00000000   Number         0  stubs.o ABSOLUTE
    _printf_llo                              0x00000000   Number         0  stubs.o ABSOLUTE
    _printf_llu                              0x00000000   Number         0  stubs.o ABSOLUTE
    _printf_llx                              0x00000000   Number         0  stubs.o ABSOLUTE
    _printf_longlong_dec                     0x00000000   Number         0  stubs.o ABSOLUTE
    _printf_longlong_hex                     0x00000000   Number         0  stubs.o ABSOLUTE
    _printf_longlong_oct                     0x00000000   Number         0  stubs.o ABSOLUTE
    _printf_ls                               0x00000000   Number         0  stubs.o ABSOLUTE
    _printf_mbtowc                           0x00000000   Number         0  stubs.o ABSOLUTE
    _printf_n                                0x00000000   Number         0  stubs.o ABSOLUTE
    _printf_o                                0x00000000   Number         0  stubs.o ABSOLUTE
    _printf_p                                0x00000000   Number         0  stubs.o ABSOLUTE
    _printf_percent                          0x00000000   Number         0  stubs.o ABSOLUTE
    _printf_pre_padding                      0x00000000   Number         0  stubs.o ABSOLUTE
    _printf_return_value                     0x00000000   Number         0  stubs.o ABSOLUTE
    _printf_s                                0x00000000   Number         0  stubs.o ABSOLUTE
    _printf_sizespec                         0x00000000   Number         0  stubs.o ABSOLUTE
    _printf_str                              0x00000000   Number         0  stubs.o ABSOLUTE
    _printf_truncate_signed                  0x00000000   Number         0  stubs.o ABSOLUTE
    _printf_truncate_unsigned                0x00000000   Number         0  stubs.o ABSOLUTE
    _printf_u                                0x00000000   Number         0  stubs.o ABSOLUTE
    _printf_wc                               0x00000000   Number         0  stubs.o ABSOLUTE
    _printf_wctomb                           0x00000000   Number         0  stubs.o ABSOLUTE
    _printf_widthprec                        0x00000000   Number         0  stubs.o ABSOLUTE
    _printf_x                                0x00000000   Number         0  stubs.o ABSOLUTE
    __arm_fini_                               - Undefined Weak Reference
    __cpp_initialize__aeabi_                  - Undefined Weak Reference
    __cxa_finalize                            - Undefined Weak Reference
    __decompress                              - Undefined Weak Reference
    _clock_init                               - Undefined Weak Reference
    _microlib_exit                            - Undefined Weak Reference
    __Vectors_Size                           0x00000150   Number         0  startup_gd32f10x_cl.o ABSOLUTE
    __Vectors                                0x08000000   Data           4  startup_gd32f10x_cl.o(RESET)
    __Vectors_End                            0x08000150   Data           0  startup_gd32f10x_cl.o(RESET)
    __main                                   0x08000151   Thumb Code     0  entry.o(.ARM.Collect$$$$00000000)
    _main_stk                                0x08000151   Thumb Code     0  entry2.o(.ARM.Collect$$$$00000001)
    _main_scatterload                        0x08000155   Thumb Code     0  entry5.o(.ARM.Collect$$$$00000004)
    __main_after_scatterload                 0x08000159   Thumb Code     0  entry5.o(.ARM.Collect$$$$00000004)
    _main_clock                              0x08000159   Thumb Code     0  entry7b.o(.ARM.Collect$$$$00000008)
    _main_cpp_init                           0x08000159   Thumb Code     0  entry8b.o(.ARM.Collect$$$$0000000A)
    _main_init                               0x08000159   Thumb Code     0  entry9a.o(.ARM.Collect$$$$0000000B)
    __rt_lib_shutdown_fini                   0x08000161   Thumb Code     0  entry12b.o(.ARM.Collect$$$$0000000E)
    __rt_final_cpp                           0x08000165   Thumb Code     0  entry10a.o(.ARM.Collect$$$$0000000F)
    __rt_final_exit                          0x08000165   Thumb Code     0  entry11a.o(.ARM.Collect$$$$00000011)
    main                                     0x08000169   Thumb Code    28  main.o(.text)
    MB_ReadEnable                            0x08000185   Thumb Code    14  modbus.o(.text)
    MB_WriteEnable                           0x08000193   Thumb Code    14  modbus.o(.text)
    MB_SendDataArray                         0x080001a1   Thumb Code    88  modbus.o(.text)
    MB_Write                                 0x080001f9   Thumb Code    90  modbus.o(.text)
    MB_calculateCRC                          0x08000253   Thumb Code    64  modbus.o(.text)
    MB_Exception                             0x08000293   Thumb Code    50  modbus.o(.text)
    MB_ReadHoldingRegister                   0x080002c5   Thumb Code  2562  modbus.o(.text)
    MB_Job                                   0x08000cc7   Thumb Code   448  modbus.o(.text)
    MB_Process                               0x08000ebd   Thumb Code   162  modbus.o(.text)
    UART3_IRQHandler                         0x08000f5f   Thumb Code    16  modbus.o(.text)
    MB_Init                                  0x08000f6f   Thumb Code    62  modbus.o(.text)
    Pho_ReadCurrentValueSwitches             0x08000fd5   Thumb Code     8  phoenix.o(.text)
    Pho_init                                 0x08000fdd   Thumb Code    40  phoenix.o(.text)
    Pho_run                                  0x08001005   Thumb Code    40  phoenix.o(.text)
    Pho_GetComboxMBAddr                      0x0800102d   Thumb Code     6  phoenix.o(.text)
    Pho_SetComboxMBAddr                      0x08001033   Thumb Code     6  phoenix.o(.text)
    SetRelay1                                0x08001039   Thumb Code     6  phoenix.o(.text)
    GetRelay1                                0x0800103f   Thumb Code     6  phoenix.o(.text)
    SetRelay2                                0x08001045   Thumb Code     6  phoenix.o(.text)
    GetRelay2                                0x0800104b   Thumb Code     6  phoenix.o(.text)
    DelayUs                                  0x08001051   Thumb Code    22  phoenix.o(.text)
    LCD_MSleep                               0x08001067   Thumb Code    48  phoenix.o(.text)
    get_adc                                  0x080010b1   Thumb Code     4  phoenixconfig.o(.text)
    Pho_RCC_Configuration                    0x080010b5   Thumb Code   238  phoenixconfig.o(.text)
    USART_Configuration                      0x080011a3   Thumb Code   168  phoenixconfig.o(.text)
    TIM3Configuration                        0x0800124b   Thumb Code    60  phoenixconfig.o(.text)
    TIM4Configuration                        0x08001287   Thumb Code    60  phoenixconfig.o(.text)
    Pho_GPIOConfiguration                    0x080012c3   Thumb Code   322  phoenixconfig.o(.text)
    ADC_Config                               0x08001405   Thumb Code   356  phoenixconfig.o(.text)
    DMA_Config                               0x08001569   Thumb Code    86  phoenixconfig.o(.text)
    NVIC_Configuration                       0x080015bf   Thumb Code    50  phoenixconfig.o(.text)
    rtc_configuration                        0x080015f1   Thumb Code    90  phoenixconfig.o(.text)
    RTC_IRQHandler                           0x0800164b   Thumb Code    32  phoenixconfig.o(.text)
    ring_buffer_init                         0x08001681   Thumb Code    12  ringbuffer.o(.text)
    ring_buffer_is_full                      0x0800168d   Thumb Code    28  ringbuffer.o(.text)
    ring_buffer_queue                        0x080016a9   Thumb Code    50  ringbuffer.o(.text)
    ring_buffer_queue_arr                    0x080016db   Thumb Code    30  ringbuffer.o(.text)
    ring_buffer_is_empty                     0x080016f9   Thumb Code    22  ringbuffer.o(.text)
    ring_buffer_dequeue                      0x0800170f   Thumb Code    44  ringbuffer.o(.text)
    ring_buffer_dequeue_arr                  0x0800173b   Thumb Code    56  ringbuffer.o(.text)
    ring_buffer_num_items                    0x08001773   Thumb Code    18  ringbuffer.o(.text)
    ring_buffer_peek                         0x08001785   Thumb Code    40  ringbuffer.o(.text)
    Temperature                              0x080017ad   Thumb Code   364  volt2temp.o(.text)
    SensorEvents                             0x08001943   Thumb Code   502  volt2temp.o(.text)
    SensorFaultStatus                        0x08001b39   Thumb Code     6  volt2temp.o(.text)
    GetSensorTemperature                     0x08001b3f   Thumb Code    12  volt2temp.o(.text)
    lcd_WriteNibble                          0x08001bc5   Thumb Code   142  lcd.o(.text)
    lcd_WriteByte                            0x08001c53   Thumb Code    20  lcd.o(.text)
    lcd_SetLCDPosition                       0x08001c67   Thumb Code    52  lcd.o(.text)
    lcd_ShowChar                             0x08001c9b   Thumb Code   108  lcd.o(.text)
    Lcd                                      0x08001d07   Thumb Code   246  lcd.o(.text)
    lcd_init_pins                            0x08001dfd   Thumb Code    74  lcd.o(.text)
    command                                  0x08001e47   Thumb Code    12  lcd.o(.text)
    lcd_GoToLine                             0x08001e53   Thumb Code    54  lcd.o(.text)
    lcd_ClearLCD                             0x08001e89   Thumb Code    42  lcd.o(.text)
    lcd_ShowStr                              0x08001eb3   Thumb Code    22  lcd.o(.text)
    lcdFastClear                             0x08001ec9   Thumb Code    12  lcd.o(.text)
    lcd_init                                 0x08001ed5   Thumb Code   194  lcd.o(.text)
    SystemInit                               0x08002073   Thumb Code   200  system_gd32f10x.o(.text)
    adc_deinit                               0x08002155   Thumb Code    60  gd32f10x_adc.o(.text)
    adc_mode_config                          0x08002191   Thumb Code    22  gd32f10x_adc.o(.text)
    adc_special_function_config              0x080021a7   Thumb Code    90  gd32f10x_adc.o(.text)
    adc_data_alignment_config                0x08002201   Thumb Code    22  gd32f10x_adc.o(.text)
    adc_enable                               0x08002217   Thumb Code    18  gd32f10x_adc.o(.text)
    adc_disable                              0x08002229   Thumb Code    10  gd32f10x_adc.o(.text)
    adc_calibration_enable                   0x08002233   Thumb Code    42  gd32f10x_adc.o(.text)
    adc_tempsensor_vrefint_enable            0x0800225d   Thumb Code    18  gd32f10x_adc.o(.text)
    adc_tempsensor_vrefint_disable           0x0800226f   Thumb Code    18  gd32f10x_adc.o(.text)
    adc_dma_mode_enable                      0x08002281   Thumb Code    10  gd32f10x_adc.o(.text)
    adc_dma_mode_disable                     0x0800228b   Thumb Code    10  gd32f10x_adc.o(.text)
    adc_discontinuous_mode_config            0x08002295   Thumb Code    76  gd32f10x_adc.o(.text)
    adc_channel_length_config                0x080022e1   Thumb Code    70  gd32f10x_adc.o(.text)
    adc_regular_channel_config               0x08002327   Thumb Code   172  gd32f10x_adc.o(.text)
    adc_inserted_channel_config              0x080023d3   Thumb Code   120  gd32f10x_adc.o(.text)
    adc_inserted_channel_offset_config       0x0800244b   Thumb Code    36  gd32f10x_adc.o(.text)
    adc_external_trigger_source_config       0x0800246f   Thumb Code    48  gd32f10x_adc.o(.text)
    adc_external_trigger_config              0x0800249f   Thumb Code    62  gd32f10x_adc.o(.text)
    adc_software_trigger_enable              0x080024dd   Thumb Code    30  gd32f10x_adc.o(.text)
    adc_regular_data_read                    0x080024fb   Thumb Code     8  gd32f10x_adc.o(.text)
    adc_inserted_data_read                   0x08002503   Thumb Code    46  gd32f10x_adc.o(.text)
    adc_sync_mode_convert_value_read         0x08002531   Thumb Code    16  gd32f10x_adc.o(.text)
    adc_watchdog_single_channel_enable       0x08002541   Thumb Code    24  gd32f10x_adc.o(.text)
    adc_watchdog_group_channel_enable        0x08002559   Thumb Code    60  gd32f10x_adc.o(.text)
    adc_watchdog_disable                     0x08002595   Thumb Code    10  gd32f10x_adc.o(.text)
    adc_watchdog_threshold_config            0x0800259f   Thumb Code    14  gd32f10x_adc.o(.text)
    adc_flag_get                             0x080025ad   Thumb Code    14  gd32f10x_adc.o(.text)
    adc_flag_clear                           0x080025bb   Thumb Code     8  gd32f10x_adc.o(.text)
    adc_regular_software_startconv_flag_get  0x080025c3   Thumb Code    16  gd32f10x_adc.o(.text)
    adc_inserted_software_startconv_flag_get 0x080025d3   Thumb Code    16  gd32f10x_adc.o(.text)
    adc_interrupt_flag_get                   0x080025e3   Thumb Code    88  gd32f10x_adc.o(.text)
    adc_interrupt_flag_clear                 0x0800263b   Thumb Code     8  gd32f10x_adc.o(.text)
    adc_interrupt_enable                     0x08002643   Thumb Code    44  gd32f10x_adc.o(.text)
    adc_interrupt_disable                    0x0800266f   Thumb Code    44  gd32f10x_adc.o(.text)
    bkp_deinit                               0x080026a5   Thumb Code    12  gd32f10x_bkp.o(.text)
    bkp_data_write                           0x080026b1   Thumb Code    46  gd32f10x_bkp.o(.text)
    bkp_data_read                            0x080026df   Thumb Code    50  gd32f10x_bkp.o(.text)
    bkp_rtc_calibration_output_enable        0x08002711   Thumb Code    14  gd32f10x_bkp.o(.text)
    bkp_rtc_calibration_output_disable       0x0800271f   Thumb Code    16  gd32f10x_bkp.o(.text)
    bkp_rtc_signal_output_enable             0x0800272f   Thumb Code    14  gd32f10x_bkp.o(.text)
    bkp_rtc_signal_output_disable            0x0800273d   Thumb Code    16  gd32f10x_bkp.o(.text)
    bkp_rtc_output_select                    0x0800274d   Thumb Code    22  gd32f10x_bkp.o(.text)
    bkp_rtc_calibration_value_set            0x08002763   Thumb Code    24  gd32f10x_bkp.o(.text)
    bkp_tamper_detection_enable              0x0800277b   Thumb Code    18  gd32f10x_bkp.o(.text)
    bkp_tamper_detection_disable             0x0800278d   Thumb Code    20  gd32f10x_bkp.o(.text)
    bkp_tamper_active_level_set              0x080027a1   Thumb Code    26  gd32f10x_bkp.o(.text)
    bkp_interrupt_enable                     0x080027bb   Thumb Code    18  gd32f10x_bkp.o(.text)
    bkp_interrupt_disable                    0x080027cd   Thumb Code    20  gd32f10x_bkp.o(.text)
    bkp_flag_get                             0x080027e1   Thumb Code    20  gd32f10x_bkp.o(.text)
    bkp_flag_clear                           0x080027f5   Thumb Code    18  gd32f10x_bkp.o(.text)
    bkp_interrupt_flag_get                   0x08002807   Thumb Code    20  gd32f10x_bkp.o(.text)
    bkp_interrupt_flag_clear                 0x0800281b   Thumb Code    18  gd32f10x_bkp.o(.text)
    dma_deinit                               0x08002847   Thumb Code   112  gd32f10x_dma.o(.text)
    dma_struct_para_init                     0x080028b7   Thumb Code    22  gd32f10x_dma.o(.text)
    dma_init                                 0x080028cd   Thumb Code   302  gd32f10x_dma.o(.text)
    dma_circulation_enable                   0x080029fb   Thumb Code    50  gd32f10x_dma.o(.text)
    dma_circulation_disable                  0x08002a2d   Thumb Code    50  gd32f10x_dma.o(.text)
    dma_memory_to_memory_enable              0x08002a5f   Thumb Code    50  gd32f10x_dma.o(.text)
    dma_memory_to_memory_disable             0x08002a91   Thumb Code    50  gd32f10x_dma.o(.text)
    dma_channel_enable                       0x08002ac3   Thumb Code    50  gd32f10x_dma.o(.text)
    dma_channel_disable                      0x08002af5   Thumb Code    50  gd32f10x_dma.o(.text)
    dma_periph_address_config                0x08002b27   Thumb Code    36  gd32f10x_dma.o(.text)
    dma_memory_address_config                0x08002b4b   Thumb Code    36  gd32f10x_dma.o(.text)
    dma_transfer_number_config               0x08002b6f   Thumb Code    38  gd32f10x_dma.o(.text)
    dma_transfer_number_get                  0x08002b95   Thumb Code    34  gd32f10x_dma.o(.text)
    dma_priority_config                      0x08002bb7   Thumb Code    58  gd32f10x_dma.o(.text)
    dma_memory_width_config                  0x08002bf1   Thumb Code    64  gd32f10x_dma.o(.text)
    dma_periph_width_config                  0x08002c31   Thumb Code    58  gd32f10x_dma.o(.text)
    dma_memory_increase_enable               0x08002c6b   Thumb Code    50  gd32f10x_dma.o(.text)
    dma_memory_increase_disable              0x08002c9d   Thumb Code    50  gd32f10x_dma.o(.text)
    dma_periph_increase_enable               0x08002ccf   Thumb Code    50  gd32f10x_dma.o(.text)
    dma_periph_increase_disable              0x08002d01   Thumb Code    50  gd32f10x_dma.o(.text)
    dma_transfer_direction_config            0x08002d33   Thumb Code    84  gd32f10x_dma.o(.text)
    dma_flag_get                             0x08002d87   Thumb Code    24  gd32f10x_dma.o(.text)
    dma_flag_clear                           0x08002d9f   Thumb Code    16  gd32f10x_dma.o(.text)
    dma_interrupt_flag_get                   0x08002daf   Thumb Code   130  gd32f10x_dma.o(.text)
    dma_interrupt_flag_clear                 0x08002e31   Thumb Code    16  gd32f10x_dma.o(.text)
    dma_interrupt_enable                     0x08002e41   Thumb Code    50  gd32f10x_dma.o(.text)
    dma_interrupt_disable                    0x08002e73   Thumb Code    50  gd32f10x_dma.o(.text)
    fwdgt_write_enable                       0x08002ea5   Thumb Code    10  gd32f10x_fwdgt.o(.text)
    fwdgt_write_disable                      0x08002eaf   Thumb Code     8  gd32f10x_fwdgt.o(.text)
    fwdgt_enable                             0x08002eb7   Thumb Code    10  gd32f10x_fwdgt.o(.text)
    fwdgt_prescaler_value_config             0x08002ec1   Thumb Code    50  gd32f10x_fwdgt.o(.text)
    fwdgt_reload_value_config                0x08002ef3   Thumb Code    54  gd32f10x_fwdgt.o(.text)
    fwdgt_counter_reload                     0x08002f29   Thumb Code    10  gd32f10x_fwdgt.o(.text)
    fwdgt_config                             0x08002f33   Thumb Code    94  gd32f10x_fwdgt.o(.text)
    fwdgt_flag_get                           0x08002f91   Thumb Code    18  gd32f10x_fwdgt.o(.text)
    gpio_deinit                              0x08002fad   Thumb Code   186  gd32f10x_gpio.o(.text)
    gpio_afio_deinit                         0x08003067   Thumb Code    20  gd32f10x_gpio.o(.text)
    gpio_init                                0x0800307b   Thumb Code   172  gd32f10x_gpio.o(.text)
    gpio_bit_set                             0x08003127   Thumb Code     4  gd32f10x_gpio.o(.text)
    gpio_bit_reset                           0x0800312b   Thumb Code     4  gd32f10x_gpio.o(.text)
    gpio_bit_write                           0x0800312f   Thumb Code    10  gd32f10x_gpio.o(.text)
    gpio_port_write                          0x08003139   Thumb Code     4  gd32f10x_gpio.o(.text)
    gpio_input_bit_get                       0x0800313d   Thumb Code    16  gd32f10x_gpio.o(.text)
    gpio_input_port_get                      0x0800314d   Thumb Code     8  gd32f10x_gpio.o(.text)
    gpio_output_bit_get                      0x08003155   Thumb Code    16  gd32f10x_gpio.o(.text)
    gpio_output_port_get                     0x08003165   Thumb Code     8  gd32f10x_gpio.o(.text)
    gpio_pin_remap_config                    0x0800316d   Thumb Code   138  gd32f10x_gpio.o(.text)
    gpio_exti_source_select                  0x080031f7   Thumb Code   146  gd32f10x_gpio.o(.text)
    gpio_event_output_config                 0x08003289   Thumb Code    22  gd32f10x_gpio.o(.text)
    gpio_event_output_enable                 0x0800329f   Thumb Code    14  gd32f10x_gpio.o(.text)
    gpio_event_output_disable                0x080032ad   Thumb Code    14  gd32f10x_gpio.o(.text)
    gpio_pin_lock                            0x080032bb   Thumb Code    18  gd32f10x_gpio.o(.text)
    gpio_ethernet_phy_select                 0x080032cd   Thumb Code    22  gd32f10x_gpio.o(.text)
    nvic_priority_group_set                  0x080032f1   Thumb Code    10  gd32f10x_misc.o(.text)
    nvic_irq_enable                          0x080032fb   Thumb Code   162  gd32f10x_misc.o(.text)
    nvic_irq_disable                         0x0800339d   Thumb Code    18  gd32f10x_misc.o(.text)
    nvic_vector_table_set                    0x080033af   Thumb Code    18  gd32f10x_misc.o(.text)
    system_lowpower_set                      0x080033c1   Thumb Code    16  gd32f10x_misc.o(.text)
    system_lowpower_reset                    0x080033d1   Thumb Code    16  gd32f10x_misc.o(.text)
    systick_clksource_set                    0x080033e1   Thumb Code    40  gd32f10x_misc.o(.text)
    pmu_deinit                               0x0800341d   Thumb Code    20  gd32f10x_pmu.o(.text)
    pmu_lvd_select                           0x08003431   Thumb Code    42  gd32f10x_pmu.o(.text)
    pmu_lvd_disable                          0x0800345b   Thumb Code    14  gd32f10x_pmu.o(.text)
    pmu_to_sleepmode                         0x08003469   Thumb Code    22  gd32f10x_pmu.o(.text)
    pmu_to_deepsleepmode                     0x0800347f   Thumb Code   168  gd32f10x_pmu.o(.text)
    pmu_to_standbymode                       0x08003527   Thumb Code    84  gd32f10x_pmu.o(.text)
    pmu_wakeup_pin_enable                    0x0800357b   Thumb Code    14  gd32f10x_pmu.o(.text)
    pmu_wakeup_pin_disable                   0x08003589   Thumb Code    14  gd32f10x_pmu.o(.text)
    pmu_backup_write_enable                  0x08003597   Thumb Code    14  gd32f10x_pmu.o(.text)
    pmu_backup_write_disable                 0x080035a5   Thumb Code    14  gd32f10x_pmu.o(.text)
    pmu_flag_get                             0x080035b3   Thumb Code    18  gd32f10x_pmu.o(.text)
    pmu_flag_clear                           0x080035c5   Thumb Code    42  gd32f10x_pmu.o(.text)
    rcu_flag_get                             0x0800360d   Thumb Code    30  gd32f10x_rcu.o(.text)
    rcu_osci_stab_wait                       0x0800362b   Thumb Code   296  gd32f10x_rcu.o(.text)
    rcu_deinit                               0x08003753   Thumb Code    94  gd32f10x_rcu.o(.text)
    rcu_periph_clock_enable                  0x080037b1   Thumb Code    28  gd32f10x_rcu.o(.text)
    rcu_periph_clock_disable                 0x080037cd   Thumb Code    28  gd32f10x_rcu.o(.text)
    rcu_periph_clock_sleep_enable            0x080037e9   Thumb Code    28  gd32f10x_rcu.o(.text)
    rcu_periph_clock_sleep_disable           0x08003805   Thumb Code    28  gd32f10x_rcu.o(.text)
    rcu_periph_reset_enable                  0x08003821   Thumb Code    28  gd32f10x_rcu.o(.text)
    rcu_periph_reset_disable                 0x0800383d   Thumb Code    28  gd32f10x_rcu.o(.text)
    rcu_bkp_reset_enable                     0x08003859   Thumb Code    14  gd32f10x_rcu.o(.text)
    rcu_bkp_reset_disable                    0x08003867   Thumb Code    14  gd32f10x_rcu.o(.text)
    rcu_system_clock_source_config           0x08003875   Thumb Code    18  gd32f10x_rcu.o(.text)
    rcu_system_clock_source_get              0x08003887   Thumb Code    10  gd32f10x_rcu.o(.text)
    rcu_ahb_clock_config                     0x08003891   Thumb Code    18  gd32f10x_rcu.o(.text)
    rcu_apb1_clock_config                    0x080038a3   Thumb Code    18  gd32f10x_rcu.o(.text)
    rcu_apb2_clock_config                    0x080038b5   Thumb Code    18  gd32f10x_rcu.o(.text)
    rcu_ckout0_config                        0x080038c7   Thumb Code    18  gd32f10x_rcu.o(.text)
    rcu_pll_config                           0x080038d9   Thumb Code    24  gd32f10x_rcu.o(.text)
    rcu_predv0_config                        0x080038f1   Thumb Code    24  gd32f10x_rcu.o(.text)
    rcu_predv1_config                        0x08003909   Thumb Code    18  gd32f10x_rcu.o(.text)
    rcu_pll1_config                          0x0800391b   Thumb Code    22  gd32f10x_rcu.o(.text)
    rcu_pll2_config                          0x08003931   Thumb Code    22  gd32f10x_rcu.o(.text)
    rcu_adc_clock_config                     0x08003947   Thumb Code    64  gd32f10x_rcu.o(.text)
    rcu_usb_clock_config                     0x08003987   Thumb Code    18  gd32f10x_rcu.o(.text)
    rcu_rtc_clock_config                     0x08003999   Thumb Code    18  gd32f10x_rcu.o(.text)
    rcu_i2s1_clock_config                    0x080039ab   Thumb Code    18  gd32f10x_rcu.o(.text)
    rcu_i2s2_clock_config                    0x080039bd   Thumb Code    18  gd32f10x_rcu.o(.text)
    rcu_all_reset_flag_clear                 0x080039cf   Thumb Code    14  gd32f10x_rcu.o(.text)
    rcu_interrupt_flag_get                   0x080039dd   Thumb Code    60  gd32f10x_rcu.o(.text)
    rcu_interrupt_flag_clear                 0x08003a19   Thumb Code    28  gd32f10x_rcu.o(.text)
    rcu_interrupt_enable                     0x08003a35   Thumb Code    28  gd32f10x_rcu.o(.text)
    rcu_interrupt_disable                    0x08003a51   Thumb Code    28  gd32f10x_rcu.o(.text)
    rcu_osci_on                              0x08003a6d   Thumb Code    28  gd32f10x_rcu.o(.text)
    rcu_osci_off                             0x08003a89   Thumb Code    28  gd32f10x_rcu.o(.text)
    rcu_osci_bypass_mode_enable              0x08003aa5   Thumb Code    98  gd32f10x_rcu.o(.text)
    rcu_osci_bypass_mode_disable             0x08003b07   Thumb Code    98  gd32f10x_rcu.o(.text)
    rcu_hxtal_clock_monitor_enable           0x08003b69   Thumb Code    14  gd32f10x_rcu.o(.text)
    rcu_hxtal_clock_monitor_disable          0x08003b77   Thumb Code    14  gd32f10x_rcu.o(.text)
    rcu_irc8m_adjust_value_set               0x08003b85   Thumb Code    22  gd32f10x_rcu.o(.text)
    rcu_deepsleep_voltage_set                0x08003b9b   Thumb Code    10  gd32f10x_rcu.o(.text)
    rcu_clock_freq_get                       0x08003ba5   Thumb Code   334  gd32f10x_rcu.o(.text)
    rtc_configuration_mode_enter             0x08003d15   Thumb Code    14  gd32f10x_rtc.o(.text)
    rtc_configuration_mode_exit              0x08003d23   Thumb Code    14  gd32f10x_rtc.o(.text)
    rtc_counter_set                          0x08003d31   Thumb Code    28  gd32f10x_rtc.o(.text)
    rtc_prescaler_set                        0x08003d4d   Thumb Code    30  gd32f10x_rtc.o(.text)
    rtc_lwoff_wait                           0x08003d6b   Thumb Code    16  gd32f10x_rtc.o(.text)
    rtc_register_sync_wait                   0x08003d7b   Thumb Code    28  gd32f10x_rtc.o(.text)
    rtc_alarm_config                         0x08003d97   Thumb Code    28  gd32f10x_rtc.o(.text)
    rtc_counter_get                          0x08003db3   Thumb Code    18  gd32f10x_rtc.o(.text)
    rtc_divider_get                          0x08003dc5   Thumb Code    22  gd32f10x_rtc.o(.text)
    rtc_flag_get                             0x08003ddb   Thumb Code    18  gd32f10x_rtc.o(.text)
    rtc_flag_clear                           0x08003ded   Thumb Code    12  gd32f10x_rtc.o(.text)
    rtc_interrupt_flag_get                   0x08003df9   Thumb Code    18  gd32f10x_rtc.o(.text)
    rtc_interrupt_flag_clear                 0x08003e0b   Thumb Code    12  gd32f10x_rtc.o(.text)
    rtc_interrupt_enable                     0x08003e17   Thumb Code    16  gd32f10x_rtc.o(.text)
    rtc_interrupt_disable                    0x08003e27   Thumb Code    16  gd32f10x_rtc.o(.text)
    timer_deinit                             0x08003e3d   Thumb Code   210  gd32f10x_timer.o(.text)
    timer_struct_para_init                   0x08003f0f   Thumb Code    22  gd32f10x_timer.o(.text)
    timer_init                               0x08003f25   Thumb Code   172  gd32f10x_timer.o(.text)
    timer_enable                             0x08003fd1   Thumb Code    10  gd32f10x_timer.o(.text)
    timer_disable                            0x08003fdb   Thumb Code    10  gd32f10x_timer.o(.text)
    timer_auto_reload_shadow_enable          0x08003fe5   Thumb Code    10  gd32f10x_timer.o(.text)
    timer_auto_reload_shadow_disable         0x08003fef   Thumb Code    10  gd32f10x_timer.o(.text)
    timer_update_event_enable                0x08003ff9   Thumb Code    10  gd32f10x_timer.o(.text)
    timer_update_event_disable               0x08004003   Thumb Code    10  gd32f10x_timer.o(.text)
    timer_counter_alignment                  0x0800400d   Thumb Code    16  gd32f10x_timer.o(.text)
    timer_counter_up_direction               0x0800401d   Thumb Code    10  gd32f10x_timer.o(.text)
    timer_counter_down_direction             0x08004027   Thumb Code    10  gd32f10x_timer.o(.text)
    timer_prescaler_config                   0x08004031   Thumb Code    16  gd32f10x_timer.o(.text)
    timer_repetition_value_config            0x08004041   Thumb Code     4  gd32f10x_timer.o(.text)
    timer_autoreload_value_config            0x08004045   Thumb Code     4  gd32f10x_timer.o(.text)
    timer_counter_value_config               0x08004049   Thumb Code     4  gd32f10x_timer.o(.text)
    timer_counter_read                       0x0800404d   Thumb Code     8  gd32f10x_timer.o(.text)
    timer_prescaler_read                     0x08004055   Thumb Code    10  gd32f10x_timer.o(.text)
    timer_single_pulse_mode_config           0x0800405f   Thumb Code    26  gd32f10x_timer.o(.text)
    timer_update_source_config               0x08004079   Thumb Code    26  gd32f10x_timer.o(.text)
    timer_dma_enable                         0x08004093   Thumb Code     8  gd32f10x_timer.o(.text)
    timer_dma_disable                        0x0800409b   Thumb Code     8  gd32f10x_timer.o(.text)
    timer_channel_dma_request_source_select  0x080040a3   Thumb Code    26  gd32f10x_timer.o(.text)
    timer_dma_transfer_config                0x080040bd   Thumb Code    24  gd32f10x_timer.o(.text)
    timer_event_software_generate            0x080040d5   Thumb Code     8  gd32f10x_timer.o(.text)
    timer_break_struct_para_init             0x080040dd   Thumb Code    18  gd32f10x_timer.o(.text)
    timer_break_config                       0x080040ef   Thumb Code    30  gd32f10x_timer.o(.text)
    timer_break_enable                       0x0800410d   Thumb Code    10  gd32f10x_timer.o(.text)
    timer_break_disable                      0x08004117   Thumb Code    10  gd32f10x_timer.o(.text)
    timer_automatic_output_enable            0x08004121   Thumb Code    10  gd32f10x_timer.o(.text)
    timer_automatic_output_disable           0x0800412b   Thumb Code    10  gd32f10x_timer.o(.text)
    timer_primary_output_config              0x08004135   Thumb Code    24  gd32f10x_timer.o(.text)
    timer_channel_control_shadow_config      0x0800414d   Thumb Code    24  gd32f10x_timer.o(.text)
    timer_channel_control_shadow_update_config 0x08004165   Thumb Code    26  gd32f10x_timer.o(.text)
    timer_channel_output_struct_para_init    0x0800417f   Thumb Code    16  gd32f10x_timer.o(.text)
    timer_channel_output_config              0x0800418f   Thumb Code   536  gd32f10x_timer.o(.text)
    timer_channel_output_mode_config         0x080043a7   Thumb Code    90  gd32f10x_timer.o(.text)
    timer_channel_output_pulse_value_config  0x08004401   Thumb Code    38  gd32f10x_timer.o(.text)
    timer_channel_output_shadow_config       0x08004427   Thumb Code    90  gd32f10x_timer.o(.text)
    timer_channel_output_fast_config         0x08004481   Thumb Code    90  gd32f10x_timer.o(.text)
    timer_channel_output_clear_config        0x080044db   Thumb Code    90  gd32f10x_timer.o(.text)
    timer_channel_output_polarity_config     0x08004535   Thumb Code    92  gd32f10x_timer.o(.text)
    timer_channel_complementary_output_polarity_config 0x08004591   Thumb Code    70  gd32f10x_timer.o(.text)
    timer_channel_output_state_config        0x080045d7   Thumb Code    92  gd32f10x_timer.o(.text)
    timer_channel_complementary_output_state_config 0x08004633   Thumb Code    78  gd32f10x_timer.o(.text)
    timer_channel_input_struct_para_init     0x08004681   Thumb Code    16  gd32f10x_timer.o(.text)
    timer_channel_input_capture_prescaler_config 0x08004691   Thumb Code    90  gd32f10x_timer.o(.text)
    timer_input_capture_config               0x080046eb   Thumb Code   326  gd32f10x_timer.o(.text)
    timer_channel_capture_value_register_read 0x08004831   Thumb Code    42  gd32f10x_timer.o(.text)
    timer_input_pwm_capture_config           0x0800485b   Thumb Code   356  gd32f10x_timer.o(.text)
    timer_hall_mode_config                   0x080049bf   Thumb Code    26  gd32f10x_timer.o(.text)
    timer_input_trigger_source_select        0x080049d9   Thumb Code    16  gd32f10x_timer.o(.text)
    timer_master_output_trigger_source_select 0x080049e9   Thumb Code    16  gd32f10x_timer.o(.text)
    timer_slave_mode_select                  0x080049f9   Thumb Code    16  gd32f10x_timer.o(.text)
    timer_master_slave_mode_config           0x08004a09   Thumb Code    26  gd32f10x_timer.o(.text)
    timer_external_trigger_config            0x08004a23   Thumb Code    30  gd32f10x_timer.o(.text)
    timer_quadrature_decoder_mode_config     0x08004a41   Thumb Code    64  gd32f10x_timer.o(.text)
    timer_internal_clock_config              0x08004a81   Thumb Code    10  gd32f10x_timer.o(.text)
    timer_internal_trigger_as_external_clock_config 0x08004a8b   Thumb Code    32  gd32f10x_timer.o(.text)
    timer_external_trigger_as_external_clock_config 0x08004aab   Thumb Code   166  gd32f10x_timer.o(.text)
    timer_external_clock_mode0_config        0x08004b51   Thumb Code    40  gd32f10x_timer.o(.text)
    timer_external_clock_mode1_config        0x08004b79   Thumb Code    32  gd32f10x_timer.o(.text)
    timer_external_clock_mode1_disable       0x08004b99   Thumb Code    10  gd32f10x_timer.o(.text)
    timer_interrupt_enable                   0x08004ba3   Thumb Code     8  gd32f10x_timer.o(.text)
    timer_interrupt_disable                  0x08004bab   Thumb Code     8  gd32f10x_timer.o(.text)
    timer_interrupt_flag_get                 0x08004bb3   Thumb Code    24  gd32f10x_timer.o(.text)
    timer_interrupt_flag_clear               0x08004bcb   Thumb Code     6  gd32f10x_timer.o(.text)
    timer_flag_get                           0x08004bd1   Thumb Code    16  gd32f10x_timer.o(.text)
    timer_flag_clear                         0x08004be1   Thumb Code     6  gd32f10x_timer.o(.text)
    usart_deinit                             0x08004be9   Thumb Code   136  gd32f10x_usart.o(.text)
    usart_baudrate_set                       0x08004c71   Thumb Code   136  gd32f10x_usart.o(.text)
    usart_parity_config                      0x08004cf9   Thumb Code    16  gd32f10x_usart.o(.text)
    usart_word_length_set                    0x08004d09   Thumb Code    16  gd32f10x_usart.o(.text)
    usart_stop_bit_set                       0x08004d19   Thumb Code    16  gd32f10x_usart.o(.text)
    usart_enable                             0x08004d29   Thumb Code    10  gd32f10x_usart.o(.text)
    usart_disable                            0x08004d33   Thumb Code    10  gd32f10x_usart.o(.text)
    usart_transmit_config                    0x08004d3d   Thumb Code    16  gd32f10x_usart.o(.text)
    usart_receive_config                     0x08004d4d   Thumb Code    16  gd32f10x_usart.o(.text)
    usart_data_transmit                      0x08004d5d   Thumb Code     8  gd32f10x_usart.o(.text)
    usart_data_receive                       0x08004d65   Thumb Code    10  gd32f10x_usart.o(.text)
    usart_address_config                     0x08004d6f   Thumb Code    20  gd32f10x_usart.o(.text)
    usart_mute_mode_enable                   0x08004d83   Thumb Code    10  gd32f10x_usart.o(.text)
    usart_mute_mode_disable                  0x08004d8d   Thumb Code    10  gd32f10x_usart.o(.text)
    usart_mute_mode_wakeup_config            0x08004d97   Thumb Code    16  gd32f10x_usart.o(.text)
    usart_lin_mode_enable                    0x08004da7   Thumb Code    10  gd32f10x_usart.o(.text)
    usart_lin_mode_disable                   0x08004db1   Thumb Code    10  gd32f10x_usart.o(.text)
    usart_lin_break_detection_length_config  0x08004dbb   Thumb Code    20  gd32f10x_usart.o(.text)
    usart_send_break                         0x08004dcf   Thumb Code    10  gd32f10x_usart.o(.text)
    usart_halfduplex_enable                  0x08004dd9   Thumb Code    10  gd32f10x_usart.o(.text)
    usart_halfduplex_disable                 0x08004de3   Thumb Code    10  gd32f10x_usart.o(.text)
    usart_synchronous_clock_enable           0x08004ded   Thumb Code    10  gd32f10x_usart.o(.text)
    usart_synchronous_clock_disable          0x08004df7   Thumb Code    10  gd32f10x_usart.o(.text)
    usart_synchronous_clock_config           0x08004e01   Thumb Code    34  gd32f10x_usart.o(.text)
    usart_guard_time_config                  0x08004e23   Thumb Code    24  gd32f10x_usart.o(.text)
    usart_smartcard_mode_enable              0x08004e3b   Thumb Code    10  gd32f10x_usart.o(.text)
    usart_smartcard_mode_disable             0x08004e45   Thumb Code    10  gd32f10x_usart.o(.text)
    usart_smartcard_mode_nack_enable         0x08004e4f   Thumb Code    10  gd32f10x_usart.o(.text)
    usart_smartcard_mode_nack_disable        0x08004e59   Thumb Code    10  gd32f10x_usart.o(.text)
    usart_irda_mode_enable                   0x08004e63   Thumb Code    10  gd32f10x_usart.o(.text)
    usart_irda_mode_disable                  0x08004e6d   Thumb Code    10  gd32f10x_usart.o(.text)
    usart_prescaler_config                   0x08004e77   Thumb Code    16  gd32f10x_usart.o(.text)
    usart_irda_lowpower_config               0x08004e87   Thumb Code    20  gd32f10x_usart.o(.text)
    usart_hardware_flow_rts_config           0x08004e9b   Thumb Code    16  gd32f10x_usart.o(.text)
    usart_hardware_flow_cts_config           0x08004eab   Thumb Code    16  gd32f10x_usart.o(.text)
    usart_dma_receive_config                 0x08004ebb   Thumb Code    16  gd32f10x_usart.o(.text)
    usart_dma_transmit_config                0x08004ecb   Thumb Code    16  gd32f10x_usart.o(.text)
    usart_flag_get                           0x08004edb   Thumb Code    30  gd32f10x_usart.o(.text)
    usart_flag_clear                         0x08004ef9   Thumb Code    26  gd32f10x_usart.o(.text)
    usart_interrupt_enable                   0x08004f13   Thumb Code    26  gd32f10x_usart.o(.text)
    usart_interrupt_disable                  0x08004f2d   Thumb Code    26  gd32f10x_usart.o(.text)
    usart_interrupt_flag_get                 0x08004f47   Thumb Code    56  gd32f10x_usart.o(.text)
    usart_interrupt_flag_clear               0x08004f7f   Thumb Code    26  gd32f10x_usart.o(.text)
    Reset_Handler                            0x08004fa1   Thumb Code     8  startup_gd32f10x_cl.o(.text)
    NMI_Handler                              0x08004fa9   Thumb Code     2  startup_gd32f10x_cl.o(.text)
    HardFault_Handler                        0x08004fab   Thumb Code     2  startup_gd32f10x_cl.o(.text)
    MemManage_Handler                        0x08004fad   Thumb Code     2  startup_gd32f10x_cl.o(.text)
    BusFault_Handler                         0x08004faf   Thumb Code     2  startup_gd32f10x_cl.o(.text)
    UsageFault_Handler                       0x08004fb1   Thumb Code     2  startup_gd32f10x_cl.o(.text)
    SVC_Handler                              0x08004fb3   Thumb Code     2  startup_gd32f10x_cl.o(.text)
    DebugMon_Handler                         0x08004fb5   Thumb Code     2  startup_gd32f10x_cl.o(.text)
    PendSV_Handler                           0x08004fb7   Thumb Code     2  startup_gd32f10x_cl.o(.text)
    SysTick_Handler                          0x08004fb9   Thumb Code     2  startup_gd32f10x_cl.o(.text)
    ADC0_1_IRQHandler                        0x08004fbb   Thumb Code     0  startup_gd32f10x_cl.o(.text)
    CAN0_EWMC_IRQHandler                     0x08004fbb   Thumb Code     0  startup_gd32f10x_cl.o(.text)
    CAN0_RX0_IRQHandler                      0x08004fbb   Thumb Code     0  startup_gd32f10x_cl.o(.text)
    CAN0_RX1_IRQHandler                      0x08004fbb   Thumb Code     0  startup_gd32f10x_cl.o(.text)
    CAN0_TX_IRQHandler                       0x08004fbb   Thumb Code     0  startup_gd32f10x_cl.o(.text)
    CAN1_EWMC_IRQHandler                     0x08004fbb   Thumb Code     0  startup_gd32f10x_cl.o(.text)
    CAN1_RX0_IRQHandler                      0x08004fbb   Thumb Code     0  startup_gd32f10x_cl.o(.text)
    CAN1_RX1_IRQHandler                      0x08004fbb   Thumb Code     0  startup_gd32f10x_cl.o(.text)
    CAN1_TX_IRQHandler                       0x08004fbb   Thumb Code     0  startup_gd32f10x_cl.o(.text)
    DMA0_Channel0_IRQHandler                 0x08004fbb   Thumb Code     0  startup_gd32f10x_cl.o(.text)
    DMA0_Channel1_IRQHandler                 0x08004fbb   Thumb Code     0  startup_gd32f10x_cl.o(.text)
    DMA0_Channel2_IRQHandler                 0x08004fbb   Thumb Code     0  startup_gd32f10x_cl.o(.text)
    DMA0_Channel3_IRQHandler                 0x08004fbb   Thumb Code     0  startup_gd32f10x_cl.o(.text)
    DMA0_Channel4_IRQHandler                 0x08004fbb   Thumb Code     0  startup_gd32f10x_cl.o(.text)
    DMA0_Channel5_IRQHandler                 0x08004fbb   Thumb Code     0  startup_gd32f10x_cl.o(.text)
    DMA0_Channel6_IRQHandler                 0x08004fbb   Thumb Code     0  startup_gd32f10x_cl.o(.text)
    DMA1_Channel0_IRQHandler                 0x08004fbb   Thumb Code     0  startup_gd32f10x_cl.o(.text)
    DMA1_Channel1_IRQHandler                 0x08004fbb   Thumb Code     0  startup_gd32f10x_cl.o(.text)
    DMA1_Channel2_IRQHandler                 0x08004fbb   Thumb Code     0  startup_gd32f10x_cl.o(.text)
    DMA1_Channel3_IRQHandler                 0x08004fbb   Thumb Code     0  startup_gd32f10x_cl.o(.text)
    DMA1_Channel4_IRQHandler                 0x08004fbb   Thumb Code     0  startup_gd32f10x_cl.o(.text)
    ENET_IRQHandler                          0x08004fbb   Thumb Code     0  startup_gd32f10x_cl.o(.text)
    ENET_WKUP_IRQHandler                     0x08004fbb   Thumb Code     0  startup_gd32f10x_cl.o(.text)
    EXMC_IRQHandler                          0x08004fbb   Thumb Code     0  startup_gd32f10x_cl.o(.text)
    EXTI0_IRQHandler                         0x08004fbb   Thumb Code     0  startup_gd32f10x_cl.o(.text)
    EXTI10_15_IRQHandler                     0x08004fbb   Thumb Code     0  startup_gd32f10x_cl.o(.text)
    EXTI1_IRQHandler                         0x08004fbb   Thumb Code     0  startup_gd32f10x_cl.o(.text)
    EXTI2_IRQHandler                         0x08004fbb   Thumb Code     0  startup_gd32f10x_cl.o(.text)
    EXTI3_IRQHandler                         0x08004fbb   Thumb Code     0  startup_gd32f10x_cl.o(.text)
    EXTI4_IRQHandler                         0x08004fbb   Thumb Code     0  startup_gd32f10x_cl.o(.text)
    EXTI5_9_IRQHandler                       0x08004fbb   Thumb Code     0  startup_gd32f10x_cl.o(.text)
    FMC_IRQHandler                           0x08004fbb   Thumb Code     0  startup_gd32f10x_cl.o(.text)
    I2C0_ER_IRQHandler                       0x08004fbb   Thumb Code     0  startup_gd32f10x_cl.o(.text)
    I2C0_EV_IRQHandler                       0x08004fbb   Thumb Code     0  startup_gd32f10x_cl.o(.text)
    I2C1_ER_IRQHandler                       0x08004fbb   Thumb Code     0  startup_gd32f10x_cl.o(.text)
    I2C1_EV_IRQHandler                       0x08004fbb   Thumb Code     0  startup_gd32f10x_cl.o(.text)
    LVD_IRQHandler                           0x08004fbb   Thumb Code     0  startup_gd32f10x_cl.o(.text)
    RCU_IRQHandler                           0x08004fbb   Thumb Code     0  startup_gd32f10x_cl.o(.text)
    RTC_Alarm_IRQHandler                     0x08004fbb   Thumb Code     0  startup_gd32f10x_cl.o(.text)
    SPI0_IRQHandler                          0x08004fbb   Thumb Code     0  startup_gd32f10x_cl.o(.text)
    SPI1_IRQHandler                          0x08004fbb   Thumb Code     0  startup_gd32f10x_cl.o(.text)
    SPI2_IRQHandler                          0x08004fbb   Thumb Code     0  startup_gd32f10x_cl.o(.text)
    TAMPER_IRQHandler                        0x08004fbb   Thumb Code     0  startup_gd32f10x_cl.o(.text)
    TIMER0_BRK_IRQHandler                    0x08004fbb   Thumb Code     0  startup_gd32f10x_cl.o(.text)
    TIMER0_Channel_IRQHandler                0x08004fbb   Thumb Code     0  startup_gd32f10x_cl.o(.text)
    TIMER0_TRG_CMT_IRQHandler                0x08004fbb   Thumb Code     0  startup_gd32f10x_cl.o(.text)
    TIMER0_UP_IRQHandler                     0x08004fbb   Thumb Code     0  startup_gd32f10x_cl.o(.text)
    TIMER1_IRQHandler                        0x08004fbb   Thumb Code     0  startup_gd32f10x_cl.o(.text)
    TIMER2_IRQHandler                        0x08004fbb   Thumb Code     0  startup_gd32f10x_cl.o(.text)
    TIMER3_IRQHandler                        0x08004fbb   Thumb Code     0  startup_gd32f10x_cl.o(.text)
    TIMER4_IRQHandler                        0x08004fbb   Thumb Code     0  startup_gd32f10x_cl.o(.text)
    TIMER5_IRQHandler                        0x08004fbb   Thumb Code     0  startup_gd32f10x_cl.o(.text)
    TIMER6_IRQHandler                        0x08004fbb   Thumb Code     0  startup_gd32f10x_cl.o(.text)
    TIMER7_BRK_IRQHandler                    0x08004fbb   Thumb Code     0  startup_gd32f10x_cl.o(.text)
    TIMER7_Channel_IRQHandler                0x08004fbb   Thumb Code     0  startup_gd32f10x_cl.o(.text)
    TIMER7_TRG_CMT_IRQHandler                0x08004fbb   Thumb Code     0  startup_gd32f10x_cl.o(.text)
    TIMER7_UP_IRQHandler                     0x08004fbb   Thumb Code     0  startup_gd32f10x_cl.o(.text)
    UART4_IRQHandler                         0x08004fbb   Thumb Code     0  startup_gd32f10x_cl.o(.text)
    USART0_IRQHandler                        0x08004fbb   Thumb Code     0  startup_gd32f10x_cl.o(.text)
    USART1_IRQHandler                        0x08004fbb   Thumb Code     0  startup_gd32f10x_cl.o(.text)
    USART2_IRQHandler                        0x08004fbb   Thumb Code     0  startup_gd32f10x_cl.o(.text)
    USBFS_IRQHandler                         0x08004fbb   Thumb Code     0  startup_gd32f10x_cl.o(.text)
    USBFS_WKUP_IRQHandler                    0x08004fbb   Thumb Code     0  startup_gd32f10x_cl.o(.text)
    WWDGT_IRQHandler                         0x08004fbb   Thumb Code     0  startup_gd32f10x_cl.o(.text)
    __aeabi_uldivmod                         0x08004fc5   Thumb Code    98  uldiv.o(.text)
    __aeabi_dadd                             0x08005027   Thumb Code   322  dadd.o(.text)
    __aeabi_dsub                             0x08005169   Thumb Code     6  dadd.o(.text)
    __aeabi_drsub                            0x0800516f   Thumb Code     6  dadd.o(.text)
    __aeabi_ddiv                             0x08005175   Thumb Code   222  ddiv.o(.text)
    __aeabi_ui2d                             0x08005253   Thumb Code    26  dfltui.o(.text)
    __aeabi_cdcmpeq                          0x0800526d   Thumb Code     0  cdcmple.o(.text)
    __aeabi_cdcmple                          0x0800526d   Thumb Code    48  cdcmple.o(.text)
    __aeabi_cdrcmple                         0x0800529d   Thumb Code    48  cdrcmple.o(.text)
    __aeabi_uidiv                            0x080052cd   Thumb Code     0  uidiv.o(.text)
    __aeabi_uidivmod                         0x080052cd   Thumb Code    44  uidiv.o(.text)
    __aeabi_llsl                             0x080052f9   Thumb Code    30  llshl.o(.text)
    _ll_shift_l                              0x080052f9   Thumb Code     0  llshl.o(.text)
    __aeabi_llsr                             0x08005317   Thumb Code    32  llushr.o(.text)
    _ll_ushift_r                             0x08005317   Thumb Code     0  llushr.o(.text)
    __aeabi_lasr                             0x08005337   Thumb Code    36  llsshr.o(.text)
    _ll_sshift_r                             0x08005337   Thumb Code     0  llsshr.o(.text)
    __I$use$fp                               0x0800535b   Thumb Code     0  iusefp.o(.text)
    _double_round                            0x0800535b   Thumb Code    30  depilogue.o(.text)
    _double_epilogue                         0x08005379   Thumb Code   156  depilogue.o(.text)
    __aeabi_dmul                             0x08005415   Thumb Code   228  dmul.o(.text)
    __ARM_scalbn                             0x080054f9   Thumb Code    46  dscalb.o(.text)
    scalbn                                   0x080054f9   Thumb Code     0  dscalb.o(.text)
    __aeabi_i2d                              0x08005527   Thumb Code    34  dflti.o(.text)
    __aeabi_d2ulz                            0x08005549   Thumb Code    48  dfixul.o(.text)
    __scatterload                            0x08005579   Thumb Code    28  init.o(.text)
    __scatterload_rt2                        0x08005579   Thumb Code     0  init.o(.text)
    __0sprintf                               0x0800559d   Thumb Code    34  printfa.o(i.__0sprintf)
    __1sprintf                               0x0800559d   Thumb Code     0  printfa.o(i.__0sprintf)
    __2sprintf                               0x0800559d   Thumb Code     0  printfa.o(i.__0sprintf)
    __c89sprintf                             0x0800559d   Thumb Code     0  printfa.o(i.__0sprintf)
    sprintf                                  0x0800559d   Thumb Code     0  printfa.o(i.__0sprintf)
    __kernel_poly                            0x080055c5   Thumb Code   170  poly.o(i.__kernel_poly)
    __mathlib_dbl_divzero                    0x08005671   Thumb Code    12  dunder.o(i.__mathlib_dbl_divzero)
    __mathlib_dbl_infnan                     0x08005681   Thumb Code     6  dunder.o(i.__mathlib_dbl_infnan)
    __mathlib_dbl_invalid                    0x08005687   Thumb Code    12  dunder.o(i.__mathlib_dbl_invalid)
    __scatterload_copy                       0x08005693   Thumb Code    14  handlers.o(i.__scatterload_copy)
    __scatterload_null                       0x080056a1   Thumb Code     2  handlers.o(i.__scatterload_null)
    __scatterload_zeroinit                   0x080056a3   Thumb Code    14  handlers.o(i.__scatterload_zeroinit)
    __set_errno                              0x080056b1   Thumb Code     6  errno.o(i.__set_errno)
    log                                      0x08005f51   Thumb Code   808  log.o(i.log)
    lcd_addLUT                               0x080062ac   Data           4  lcd.o(.constdata)
    russian                                  0x080062b0   Data          64  lcd.o(.constdata)
    __mathlib_zero                           0x08006328   Data           8  qnan.o(.constdata)
    Region$$Table$$Base                      0x08006330   Number         0  anon$$obj.o(Region$$Table)
    Region$$Table$$Limit                     0x08006350   Number         0  anon$$obj.o(Region$$Table)
    MB_div_txFrame                           0x20000000   Data           6  modbus.o(.data)
    MB_receivedData                          0x20000006   Data           1  modbus.o(.data)
    MB_rxBufferIndex                         0x20000007   Data           1  modbus.o(.data)
    MB_noOfDataBytes                         0x20000008   Data           1  modbus.o(.data)
    MB_receivedModbusFrameIndex              0x20000009   Data           1  modbus.o(.data)
    MB_receiveStatus                         0x2000000a   Data           1  modbus.o(.data)
    CalculatedCRC                            0x2000000c   Data           2  modbus.o(.data)
    ReceivedCRC                              0x2000000e   Data           2  modbus.o(.data)
    buf                                      0x20000010   Data           1  modbus.o(.data)
    cnt                                      0x20000014   Data           4  modbus.o(.data)
    for_mb_temp                              0x20000018   Data           4  modbus.o(.data)
    MBSensorStatus                           0x2000001c   Data           2  modbus.o(.data)
    chr_mb_temp                              0x20000020   Data           4  modbus.o(.data)
    m                                        0x20000024   Data           4  modbus.o(.data)
    crc16                                    0x20000028   Data           2  modbus.o(.data)
    ReadHoldingRegister                      0x2000002c   Data           4  modbus.o(.data)
    mbSNO                                    0x20000030   Data           1  modbus.o(.data)
    ComBoxMBAddress                          0x20000034   Data           4  phoenix.o(.data)
    State                                    0x20000038   Data           4  phoenix.o(.data)
    relay1_cond                              0x2000003c   Data           1  phoenix.o(.data)
    relay2_cond                              0x2000003d   Data           1  phoenix.o(.data)
    temp_volt                                0x20000040   Data           4  phoenix.o(.data)
    temp_volt_all                            0x20000044   Data           8  phoenix.o(.data)
    adc_value                                0x2000004c   Data           8  phoenixconfig.o(.data)
    g                                        0x20000054   Data           4  phoenixconfig.o(.data)
    valueof_temp_volt                        0x2000005a   Data           8  volt2temp.o(.data)
    temp_volt_pho_run                        0x20000064   Data           4  volt2temp.o(.data)
    sensor_statusflag                        0x20000068   Data           2  volt2temp.o(.data)
    temporaryValue                           0x2000006c   Data           4  volt2temp.o(.data)
    sample_cnt                               0x20000070   Data           1  volt2temp.o(.data)
    currentTempNo                            0x20000071   Data           1  volt2temp.o(.data)
    numofsens                                0x20000072   Data           1  volt2temp.o(.data)
    lcd_Address                              0x20000074   Data           1  lcd.o(.data)
    lcd_Line                                 0x20000075   Data           1  lcd.o(.data)
    chr_lcd_temp                             0x20000078   Data           4  lcd.o(.data)
    str                                      0x2000007c   Data           4  lcd.o(.data)
    str_temp                                 0x20000080   Data           5  lcd.o(.data)
    addr_temp_value                          0x20000085   Data           8  lcd.o(.data)
    queue                                    0x20000090   Data           4  lcd.o(.data)
    row                                      0x20000094   Data           4  lcd.o(.data)
    sensNo                                   0x20000098   Data           1  lcd.o(.data)
    MB_txFrame                               0x200000a0   Data          32  modbus.o(.bss)
    MB_rxBuffer                              0x200000c0   Data          16  modbus.o(.bss)
    MB_receivedModbusFrame                   0x200000d0   Data          16  modbus.o(.bss)
    ring_buffer                              0x200000e0   Data          34  modbus.o(.bss)
    array_mb_temp                            0x20000108   Data          32  modbus.o(.bss)
    Temperatures                             0x20000128   Data          32  volt2temp.o(.bss)
    resistance                               0x20000148   Data          32  volt2temp.o(.bss)
    TempKelvin                               0x20000168   Data          32  volt2temp.o(.bss)
    temp                                     0x20000188   Data          32  volt2temp.o(.bss)
    currentTemp                              0x200001a8   Data          32  volt2temp.o(.bss)
    totalTemp                                0x200001c8   Data          32  volt2temp.o(.bss)
    avarageTemp                              0x200001e8   Data          32  volt2temp.o(.bss)
    Lcd_Temp                                 0x20000208   Data          32  lcd.o(.bss)
    __initial_sp                             0x20000638   Data           0  startup_gd32f10x_cl.o(STACK)



==============================================================================

Memory Map of the image

  Image Entry point : 0x08000151

  Load Region LR_IROM1 (Base: 0x08000000, Size: 0x000063f0, Max: 0x00010000, ABSOLUTE)

    Execution Region ER_IROM1 (Exec base: 0x08000000, Load base: 0x08000000, Size: 0x00006350, Max: 0x00010000, ABSOLUTE)

    Exec Addr    Load Addr    Size         Type   Attr      Idx    E Section Name        Object

    0x08000000   0x08000000   0x00000150   Data   RO          912    RESET               startup_gd32f10x_cl.o
    0x08000150   0x08000150   0x00000000   Code   RO          927  * .ARM.Collect$$$$00000000  mc_w.l(entry.o)
    0x08000150   0x08000150   0x00000004   Code   RO         1220    .ARM.Collect$$$$00000001  mc_w.l(entry2.o)
    0x08000154   0x08000154   0x00000004   Code   RO         1223    .ARM.Collect$$$$00000004  mc_w.l(entry5.o)
    0x08000158   0x08000158   0x00000000   Code   RO         1225    .ARM.Collect$$$$00000008  mc_w.l(entry7b.o)
    0x08000158   0x08000158   0x00000000   Code   RO         1227    .ARM.Collect$$$$0000000A  mc_w.l(entry8b.o)
    0x08000158   0x08000158   0x00000008   Code   RO         1228    .ARM.Collect$$$$0000000B  mc_w.l(entry9a.o)
    0x08000160   0x08000160   0x00000004   Code   RO         1235    .ARM.Collect$$$$0000000E  mc_w.l(entry12b.o)
    0x08000164   0x08000164   0x00000000   Code   RO         1230    .ARM.Collect$$$$0000000F  mc_w.l(entry10a.o)
    0x08000164   0x08000164   0x00000000   Code   RO         1232    .ARM.Collect$$$$00000011  mc_w.l(entry11a.o)
    0x08000164   0x08000164   0x00000004   Code   RO         1221    .ARM.Collect$$$$00002712  mc_w.l(entry2.o)
    0x08000168   0x08000168   0x0000001c   Code   RO            3    .text               main.o
    0x08000184   0x08000184   0x00000e50   Code   RO          140    .text               modbus.o
    0x08000fd4   0x08000fd4   0x000000dc   Code   RO          192    .text               phoenix.o
    0x080010b0   0x080010b0   0x000005d0   Code   RO          215    .text               phoenixconfig.o
    0x08001680   0x08001680   0x0000012c   Code   RO          239    .text               ringbuffer.o
    0x080017ac   0x080017ac   0x00000418   Code   RO          256    .text               volt2temp.o
    0x08001bc4   0x08001bc4   0x00000408   Code   RO          284    .text               lcd.o
    0x08001fcc   0x08001fcc   0x00000188   Code   RO          309    .text               system_gd32f10x.o
    0x08002154   0x08002154   0x00000550   Code   RO          335    .text               gd32f10x_adc.o
    0x080026a4   0x080026a4   0x00000190   Code   RO          421    .text               gd32f10x_bkp.o
    0x08002834   0x08002834   0x00000670   Code   RO          533    .text               gd32f10x_dma.o
    0x08002ea4   0x08002ea4   0x00000108   Code   RO          653    .text               gd32f10x_fwdgt.o
    0x08002fac   0x08002fac   0x00000344   Code   RO          673    .text               gd32f10x_gpio.o
    0x080032f0   0x080032f0   0x0000012c   Code   RO          719    .text               gd32f10x_misc.o
    0x0800341c   0x0800341c   0x000001f0   Code   RO          739    .text               gd32f10x_pmu.o
    0x0800360c   0x0800360c   0x00000708   Code   RO          760    .text               gd32f10x_rcu.o
    0x08003d14   0x08003d14   0x00000128   Code   RO          783    .text               gd32f10x_rtc.o
    0x08003e3c   0x08003e3c   0x00000daa   Code   RO          846    .text               gd32f10x_timer.o
    0x08004be6   0x08004be6   0x00000002   PAD
    0x08004be8   0x08004be8   0x000003b8   Code   RO          869    .text               gd32f10x_usart.o
    0x08004fa0   0x08004fa0   0x00000024   Code   RO          913    .text               startup_gd32f10x_cl.o
    0x08004fc4   0x08004fc4   0x00000062   Code   RO          930    .text               mc_w.l(uldiv.o)
    0x08005026   0x08005026   0x0000014e   Code   RO         1193    .text               mf_w.l(dadd.o)
    0x08005174   0x08005174   0x000000de   Code   RO         1195    .text               mf_w.l(ddiv.o)
    0x08005252   0x08005252   0x0000001a   Code   RO         1197    .text               mf_w.l(dfltui.o)
    0x0800526c   0x0800526c   0x00000030   Code   RO         1199    .text               mf_w.l(cdcmple.o)
    0x0800529c   0x0800529c   0x00000030   Code   RO         1201    .text               mf_w.l(cdrcmple.o)
    0x080052cc   0x080052cc   0x0000002c   Code   RO         1239    .text               mc_w.l(uidiv.o)
    0x080052f8   0x080052f8   0x0000001e   Code   RO         1241    .text               mc_w.l(llshl.o)
    0x08005316   0x08005316   0x00000020   Code   RO         1243    .text               mc_w.l(llushr.o)
    0x08005336   0x08005336   0x00000024   Code   RO         1245    .text               mc_w.l(llsshr.o)
    0x0800535a   0x0800535a   0x00000000   Code   RO         1254    .text               mc_w.l(iusefp.o)
    0x0800535a   0x0800535a   0x000000ba   Code   RO         1255    .text               mf_w.l(depilogue.o)
    0x08005414   0x08005414   0x000000e4   Code   RO         1257    .text               mf_w.l(dmul.o)
    0x080054f8   0x080054f8   0x0000002e   Code   RO         1259    .text               mf_w.l(dscalb.o)
    0x08005526   0x08005526   0x00000022   Code   RO         1261    .text               mf_w.l(dflti.o)
    0x08005548   0x08005548   0x00000030   Code   RO         1263    .text               mf_w.l(dfixul.o)
    0x08005578   0x08005578   0x00000024   Code   RO         1265    .text               mc_w.l(init.o)
    0x0800559c   0x0800559c   0x00000028   Code   RO         1167    i.__0sprintf        mc_w.l(printfa.o)
    0x080055c4   0x080055c4   0x000000aa   Code   RO         1217    i.__kernel_poly     m_ws.l(poly.o)
    0x0800566e   0x0800566e   0x00000002   PAD
    0x08005670   0x08005670   0x00000010   Code   RO         1203    i.__mathlib_dbl_divzero  m_ws.l(dunder.o)
    0x08005680   0x08005680   0x00000006   Code   RO         1204    i.__mathlib_dbl_infnan  m_ws.l(dunder.o)
    0x08005686   0x08005686   0x0000000c   Code   RO         1206    i.__mathlib_dbl_invalid  m_ws.l(dunder.o)
    0x08005692   0x08005692   0x0000000e   Code   RO         1271    i.__scatterload_copy  mc_w.l(handlers.o)
    0x080056a0   0x080056a0   0x00000002   Code   RO         1272    i.__scatterload_null  mc_w.l(handlers.o)
    0x080056a2   0x080056a2   0x0000000e   Code   RO         1273    i.__scatterload_zeroinit  mc_w.l(handlers.o)
    0x080056b0   0x080056b0   0x0000000c   Code   RO         1249    i.__set_errno       mc_w.l(errno.o)
    0x080056bc   0x080056bc   0x00000184   Code   RO         1172    i._fp_digits        mc_w.l(printfa.o)
    0x08005840   0x08005840   0x000006b4   Code   RO         1173    i._printf_core      mc_w.l(printfa.o)
    0x08005ef4   0x08005ef4   0x00000024   Code   RO         1174    i._printf_post_padding  mc_w.l(printfa.o)
    0x08005f18   0x08005f18   0x0000002e   Code   RO         1175    i._printf_pre_padding  mc_w.l(printfa.o)
    0x08005f46   0x08005f46   0x0000000a   Code   RO         1177    i._sputc            mc_w.l(printfa.o)
    0x08005f50   0x08005f50   0x0000035c   Code   RO          918    i.log               m_ws.l(log.o)
    0x080062ac   0x080062ac   0x00000044   Data   RO          286    .constdata          lcd.o
    0x080062f0   0x080062f0   0x00000038   Data   RO          919    .constdata          m_ws.l(log.o)
    0x08006328   0x08006328   0x00000008   Data   RO         1219    .constdata          m_ws.l(qnan.o)
    0x08006330   0x08006330   0x00000020   Data   RO         1269    Region$$Table       anon$$obj.o


    Execution Region RW_IRAM1 (Exec base: 0x20000000, Load base: 0x08006350, Size: 0x00000638, Max: 0x00010000, ABSOLUTE)

    Exec Addr    Load Addr    Size         Type   Attr      Idx    E Section Name        Object

    0x20000000   0x08006350   0x00000031   Data   RW          142    .data               modbus.o
    0x20000031   0x08006381   0x00000003   PAD
    0x20000034   0x08006384   0x00000018   Data   RW          193    .data               phoenix.o
    0x2000004c   0x0800639c   0x0000000c   Data   RW          216    .data               phoenixconfig.o
    0x20000058   0x080063a8   0x0000001b   Data   RW          258    .data               volt2temp.o
    0x20000073   0x080063c3   0x00000001   PAD
    0x20000074   0x080063c4   0x00000025   Data   RW          287    .data               lcd.o
    0x20000099   0x080063e9   0x00000003   PAD
    0x2000009c   0x080063ec   0x00000004   Data   RW         1250    .data               mc_w.l(errno.o)
    0x200000a0        -       0x00000088   Zero   RW          141    .bss                modbus.o
    0x20000128        -       0x000000e0   Zero   RW          257    .bss                volt2temp.o
    0x20000208        -       0x00000020   Zero   RW          285    .bss                lcd.o
    0x20000228        -       0x00000010   Zero   RW          740    .bss                gd32f10x_pmu.o
    0x20000238        -       0x00000400   Zero   RW          910    STACK               startup_gd32f10x_cl.o


==============================================================================

Image component sizes


      Code (inc. data)   RO Data    RW Data    ZI Data      Debug   Object Name

      1360         18          0          0          0       8874   gd32f10x_adc.o
       400          8          0          0          0       6942   gd32f10x_bkp.o
      1648          6          0          0          0      14100   gd32f10x_dma.o
       264         10          0          0          0       2378   gd32f10x_fwdgt.o
       836         14          0          0          0      14801   gd32f10x_gpio.o
       300         20          0          0          0       1989   gd32f10x_misc.o
       496         30          0          0         16       2395   gd32f10x_pmu.o
      1800         72          0          0          0      23428   gd32f10x_rcu.o
       296          6          0          0          0       2967   gd32f10x_rtc.o
      3498         60          0          0          0      33532   gd32f10x_timer.o
       952          8          0          0          0      15208   gd32f10x_usart.o
      1032         54         68         37         32       3920   lcd.o
        28          0          0          0          0      32087   main.o
      3664        124          0         49        136       7395   modbus.o
       220         26          0         24          0       3127   phoenix.o
      1488         66          0         12          0       3518   phoenixconfig.o
       300          0          0          0          0       3331   ringbuffer.o
        36          8        336          0       1024        956   startup_gd32f10x_cl.o
       392         26          0          0          0       1929   system_gd32f10x.o
      1048        122          0         27        224       3226   volt2temp.o

    ----------------------------------------------------------------------
     20060        678        436        156       1432     186103   Object Totals
         0          0         32          0          0          0   (incl. Generated)
         2          0          0          7          0          0   (incl. Padding)

    ----------------------------------------------------------------------

      Code (inc. data)   RO Data    RW Data    ZI Data      Debug   Library Member Name

        34          4          0          0          0        204   dunder.o
       860         52         56          0          0        256   log.o
       170          0          0          0          0         96   poly.o
         0          0          8          0          0          0   qnan.o
         0          0          0          0          0          0   entry.o
         0          0          0          0          0          0   entry10a.o
         0          0          0          0          0          0   entry11a.o
         4          0          0          0          0          0   entry12b.o
         8          4          0          0          0          0   entry2.o
         4          0          0          0          0          0   entry5.o
         0          0          0          0          0          0   entry7b.o
         0          0          0          0          0          0   entry8b.o
         8          4          0          0          0          0   entry9a.o
        12          6          0          4          0         68   errno.o
        30          0          0          0          0          0   handlers.o
        36          8          0          0          0         68   init.o
         0          0          0          0          0          0   iusefp.o
        30          0          0          0          0         68   llshl.o
        36          0          0          0          0         68   llsshr.o
        32          0          0          0          0         68   llushr.o
      2236         86          0          0          0        532   printfa.o
        44          0          0          0          0         80   uidiv.o
        98          0          0          0          0         92   uldiv.o
        48          0          0          0          0         68   cdcmple.o
        48          0          0          0          0         68   cdrcmple.o
       334          0          0          0          0        148   dadd.o
       222          0          0          0          0        100   ddiv.o
       186          0          0          0          0        176   depilogue.o
        48          0          0          0          0         68   dfixul.o
        34          0          0          0          0         76   dflti.o
        26          0          0          0          0         76   dfltui.o
       228          0          0          0          0         96   dmul.o
        46          0          0          0          0         80   dscalb.o

    ----------------------------------------------------------------------
      4864        164         64          4          0       2556   Library Totals
         2          0          0          0          0          0   (incl. Padding)

    ----------------------------------------------------------------------

      Code (inc. data)   RO Data    RW Data    ZI Data      Debug   Library Name

      1064         56         64          0          0        556   m_ws.l
      2578        108          0          4          0       1044   mc_w.l
      1220          0          0          0          0        956   mf_w.l

    ----------------------------------------------------------------------
      4864        164         64          4          0       2556   Library Totals

    ----------------------------------------------------------------------

==============================================================================


      Code (inc. data)   RO Data    RW Data    ZI Data      Debug   

     24924        842        500        160       1432     185119   Grand Totals
     24924        842        500        160       1432     185119   ELF Image Totals
     24924        842        500        160          0          0   ROM Totals

==============================================================================

    Total RO  Size (Code + RO Data)                25424 (  24.83kB)
    Total RW  Size (RW Data + ZI Data)              1592 (   1.55kB)
    Total ROM Size (Code + RO Data + RW Data)      25584 (  24.98kB)

==============================================================================

