<html>
<body>
<pre>
<h1>µVision Build Log</h1>
<h2>Tool Versions:</h2>
IDE-Version: µVision V5.38.0.0
Copyright (C) 2022 ARM Ltd and ARM Germany GmbH. All rights reserved.
License Information: Mehmet EMRE, Yesil, LIC=8VRJ7-E0U9C-FWW2N-Y0QJP-ZGP95-HJ7T5
 
Tool Versions:
Toolchain:       MDK-ARM Plus  Version: 5.38.0.0
Toolchain Path:  C:\Keil_v5\ARM\ARMCC\Bin
C Compiler:      Armcc.exe V5.06 update 7 (build 960)
Assembler:       Armasm.exe V5.06 update 7 (build 960)
Linker/Locator:  ArmLink.exe V5.06 update 7 (build 960)
Library Manager: ArmAr.exe V5.06 update 7 (build 960)
Hex Converter:   FromElf.exe V5.06 update 7 (build 960)
CPU DLL:         SARMCM3.DLL V5.38.0.0
Dialog DLL:      DCM.DLL V1.17.5.0
Target DLL:      UL2CM3.DLL V1.164.8.0
Dialog DLL:      TCM.DLL V1.56.4.0
 
<h2>Project:</h2>
C:\Users\Mehmet Emre\Desktop\Phoenix_Stand_v1.0_Firmware_v1.1_RE\Phoenix_Stand_v1.0_Firmware_v1.1\GD32F10x_Firmware_Library_V2.2.3\Template\Keil5_project\PhoneixSensor.uvprojx
Project File Date:  02/12/2024

<h2>Output:</h2>
*** Using Compiler 'V5.06 update 7 (build 960)', folder: 'C:\Keil_v5\ARM\ARMCC\Bin'
Rebuild target 'GD32F10X_CL'
compiling ringBuffer.c...
compiling gd32f10x_bkp.c...
compiling system_gd32f10x.c...
compiling LCD.c...
compiling volt2temp.c...
compiling gd32f10x_dac.c...
compiling gd32f10x_adc.c...
compiling phoenix.c...
compiling gd32f10x_can.c...
compiling phoenixConfig.c...
compiling modbus.c...
compiling main.c...
compiling gd32f10x_crc.c...
compiling gd32f10x_dbg.c...
compiling gd32f10x_dma.c...
compiling gd32f10x_exmc.c...
compiling gd32f10x_exti.c...
compiling gd32f10x_fwdgt.c...
compiling gd32f10x_enet.c...
compiling gd32f10x_fmc.c...
compiling gd32f10x_gpio.c...
compiling gd32f10x_i2c.c...
compiling gd32f10x_misc.c...
assembling startup_gd32f10x_cl.s...
compiling gd32f10x_pmu.c...
compiling gd32f10x_rtc.c...
compiling gd32f10x_rcu.c...
compiling gd32f10x_sdio.c...
compiling gd32f10x_spi.c...
compiling gd32f10x_wwdgt.c...
compiling gd32f10x_timer.c...
compiling gd32f10x_usart.c...
linking...
Program Size: Code=24924 RO-data=500 RW-data=160 ZI-data=1432  
FromELF: creating hex file...
".\output\Project.axf" - 0 Error(s), 0 Warning(s).

<h2>Software Packages used:</h2>

Package Vendor: GigaDevice
                https://gd32mcu.com/data/documents/pack/GigaDevice.GD32F10x_DFP.2.0.3.pack
                GigaDevice.GD32F10x_DFP.2.0.3
                GigaDevice GD32F10x Series Device Support and Examples

<h2>Collection of Component include folders:</h2>
  C:/Keil/GigaDevice/GD32F10x_DFP/2.0.3/Device/Include

<h2>Collection of Component Files used:</h2>
Build Time Elapsed:  00:00:01
</pre>
</body>
</html>
